Archive member included because of file (symbol)

/usr/bin/../lib/gcc/arm-none-eabi/4.9.3/../../../../arm-none-eabi/lib/armv7-m/libc.a(lib_a-exit.o)
                              /usr/bin/../lib/gcc/arm-none-eabi/4.9.3/../../../../arm-none-eabi/lib/armv7-m/crt0.o (exit)
/usr/bin/../lib/gcc/arm-none-eabi/4.9.3/../../../../arm-none-eabi/lib/armv7-m/libc.a(lib_a-impure.o)
                              /usr/bin/../lib/gcc/arm-none-eabi/4.9.3/../../../../arm-none-eabi/lib/armv7-m/libc.a(lib_a-exit.o) (_global_impure_ptr)
/usr/bin/../lib/gcc/arm-none-eabi/4.9.3/../../../../arm-none-eabi/lib/armv7-m/libc.a(lib_a-init.o)
                              /usr/bin/../lib/gcc/arm-none-eabi/4.9.3/../../../../arm-none-eabi/lib/armv7-m/crt0.o (__libc_init_array)
/usr/bin/../lib/gcc/arm-none-eabi/4.9.3/../../../../arm-none-eabi/lib/armv7-m/libc.a(lib_a-memset.o)
                              /usr/bin/../lib/gcc/arm-none-eabi/4.9.3/../../../../arm-none-eabi/lib/armv7-m/crt0.o (memset)
/usr/bin/../lib/gcc/arm-none-eabi/4.9.3/../../../../arm-none-eabi/lib/armv7-m/libc.a(lib_a-__call_atexit.o)
                              /usr/bin/../lib/gcc/arm-none-eabi/4.9.3/../../../../arm-none-eabi/lib/armv7-m/libc.a(lib_a-exit.o) (__call_exitprocs)
/usr/bin/../lib/gcc/arm-none-eabi/4.9.3/../../../../arm-none-eabi/lib/armv7-m/libc.a(lib_a-atexit.o)
                              /usr/bin/../lib/gcc/arm-none-eabi/4.9.3/../../../../arm-none-eabi/lib/armv7-m/libc.a(lib_a-__call_atexit.o) (atexit)
/usr/bin/../lib/gcc/arm-none-eabi/4.9.3/../../../../arm-none-eabi/lib/armv7-m/libc.a(lib_a-fini.o)
                              /usr/bin/../lib/gcc/arm-none-eabi/4.9.3/../../../../arm-none-eabi/lib/armv7-m/libc.a(lib_a-__call_atexit.o) (__libc_fini_array)
/usr/bin/../lib/gcc/arm-none-eabi/4.9.3/../../../../arm-none-eabi/lib/armv7-m/libc.a(lib_a-__atexit.o)
                              /usr/bin/../lib/gcc/arm-none-eabi/4.9.3/../../../../arm-none-eabi/lib/armv7-m/libc.a(lib_a-atexit.o) (__register_exitproc)
/usr/bin/../lib/gcc/arm-none-eabi/4.9.3/../../../../arm-none-eabi/lib/armv7-m/librdimon.a(rdimon-_exit.o)
                              /usr/bin/../lib/gcc/arm-none-eabi/4.9.3/../../../../arm-none-eabi/lib/armv7-m/libc.a(lib_a-exit.o) (_exit)
/usr/bin/../lib/gcc/arm-none-eabi/4.9.3/../../../../arm-none-eabi/lib/armv7-m/librdimon.a(rdimon-_kill.o)
                              /usr/bin/../lib/gcc/arm-none-eabi/4.9.3/../../../../arm-none-eabi/lib/armv7-m/librdimon.a(rdimon-_exit.o) (_kill)

Discarded input sections

 .text          0x00000000        0x0 /usr/bin/../lib/gcc/arm-none-eabi/4.9.3/armv7-m/crti.o
 .data          0x00000000        0x0 /usr/bin/../lib/gcc/arm-none-eabi/4.9.3/armv7-m/crti.o
 .bss           0x00000000        0x0 /usr/bin/../lib/gcc/arm-none-eabi/4.9.3/armv7-m/crti.o
 .data          0x00000000        0x4 /usr/bin/../lib/gcc/arm-none-eabi/4.9.3/armv7-m/crtbegin.o
 .text          0x00000000       0x74 /usr/bin/../lib/gcc/arm-none-eabi/4.9.3/../../../../arm-none-eabi/lib/armv7-m/crt0.o
 .data          0x00000000        0x0 /usr/bin/../lib/gcc/arm-none-eabi/4.9.3/../../../../arm-none-eabi/lib/armv7-m/crt0.o
 .bss           0x00000000        0x0 /usr/bin/../lib/gcc/arm-none-eabi/4.9.3/../../../../arm-none-eabi/lib/armv7-m/crt0.o
 .ARM.extab     0x00000000        0x0 /usr/bin/../lib/gcc/arm-none-eabi/4.9.3/../../../../arm-none-eabi/lib/armv7-m/crt0.o
 .ARM.exidx     0x00000000        0x8 /usr/bin/../lib/gcc/arm-none-eabi/4.9.3/../../../../arm-none-eabi/lib/armv7-m/crt0.o
 .ARM.attributes
                0x00000000       0x1b /usr/bin/../lib/gcc/arm-none-eabi/4.9.3/../../../../arm-none-eabi/lib/armv7-m/crt0.o
 .data          0x00000000       0x18 GCC-ARM/Output/main.o
 .bss           0x00000000        0x0 GCC-ARM/Output/main.o
 .bss           0x00000000        0x0 GCC-ARM/Output/system_stm32f10x.o
 .data          0x00000000        0x0 GCC-ARM/Output/hal_com.o
 .data          0x00000000        0x0 GCC-ARM/Output/stm32f10x_gpio.o
 .bss           0x00000000        0x0 GCC-ARM/Output/stm32f10x_gpio.o
 .data          0x00000000        0x0 GCC-ARM/Output/stm32f10x_usart.o
 .bss           0x00000000        0x0 GCC-ARM/Output/stm32f10x_usart.o
 .bss           0x00000000        0x0 GCC-ARM/Output/stm32f10x_rcc.o
 .data          0x00000000        0x0 GCC-ARM/Output/misc.o
 .bss           0x00000000        0x0 GCC-ARM/Output/misc.o
 .text          0x00000000       0xbc GCC-ARM/Output/log.o
 .data          0x00000000       0x28 GCC-ARM/Output/log.o
 .bss           0x00000000        0x2 GCC-ARM/Output/log.o
 .rodata        0x00000000       0x4e GCC-ARM/Output/log.o
 .debug_info    0x00000000      0x2f9 GCC-ARM/Output/log.o
 .debug_abbrev  0x00000000      0x12e GCC-ARM/Output/log.o
 .debug_aranges
                0x00000000       0x20 GCC-ARM/Output/log.o
 .debug_line    0x00000000       0xea GCC-ARM/Output/log.o
 .debug_str     0x00000000      0x2d5 GCC-ARM/Output/log.o
 .comment       0x00000000       0x71 GCC-ARM/Output/log.o
 .debug_frame   0x00000000       0xa0 GCC-ARM/Output/log.o
 .ARM.attributes
                0x00000000       0x33 GCC-ARM/Output/log.o
 .text          0x00000000       0x14 GCC-ARM/Output/startup_stm32f10x_md.o
 .data          0x00000000        0x0 GCC-ARM/Output/startup_stm32f10x_md.o
 .bss           0x00000000        0x0 GCC-ARM/Output/startup_stm32f10x_md.o
 .text          0x00000000        0x0 /usr/bin/../lib/gcc/arm-none-eabi/4.9.3/../../../../arm-none-eabi/lib/armv7-m/libc.a(lib_a-exit.o)
 .data          0x00000000        0x0 /usr/bin/../lib/gcc/arm-none-eabi/4.9.3/../../../../arm-none-eabi/lib/armv7-m/libc.a(lib_a-exit.o)
 .bss           0x00000000        0x0 /usr/bin/../lib/gcc/arm-none-eabi/4.9.3/../../../../arm-none-eabi/lib/armv7-m/libc.a(lib_a-exit.o)
 .text.exit     0x00000000       0x20 /usr/bin/../lib/gcc/arm-none-eabi/4.9.3/../../../../arm-none-eabi/lib/armv7-m/libc.a(lib_a-exit.o)
 .debug_frame   0x00000000       0x28 /usr/bin/../lib/gcc/arm-none-eabi/4.9.3/../../../../arm-none-eabi/lib/armv7-m/libc.a(lib_a-exit.o)
 .ARM.attributes
                0x00000000       0x2d /usr/bin/../lib/gcc/arm-none-eabi/4.9.3/../../../../arm-none-eabi/lib/armv7-m/libc.a(lib_a-exit.o)
 .text          0x00000000        0x0 /usr/bin/../lib/gcc/arm-none-eabi/4.9.3/../../../../arm-none-eabi/lib/armv7-m/libc.a(lib_a-impure.o)
 .data          0x00000000        0x0 /usr/bin/../lib/gcc/arm-none-eabi/4.9.3/../../../../arm-none-eabi/lib/armv7-m/libc.a(lib_a-impure.o)
 .bss           0x00000000        0x0 /usr/bin/../lib/gcc/arm-none-eabi/4.9.3/../../../../arm-none-eabi/lib/armv7-m/libc.a(lib_a-impure.o)
 .data._impure_ptr
                0x00000000        0x4 /usr/bin/../lib/gcc/arm-none-eabi/4.9.3/../../../../arm-none-eabi/lib/armv7-m/libc.a(lib_a-impure.o)
 .text          0x00000000        0x0 /usr/bin/../lib/gcc/arm-none-eabi/4.9.3/../../../../arm-none-eabi/lib/armv7-m/libc.a(lib_a-init.o)
 .data          0x00000000        0x0 /usr/bin/../lib/gcc/arm-none-eabi/4.9.3/../../../../arm-none-eabi/lib/armv7-m/libc.a(lib_a-init.o)
 .bss           0x00000000        0x0 /usr/bin/../lib/gcc/arm-none-eabi/4.9.3/../../../../arm-none-eabi/lib/armv7-m/libc.a(lib_a-init.o)
 .text          0x00000000        0x0 /usr/bin/../lib/gcc/arm-none-eabi/4.9.3/../../../../arm-none-eabi/lib/armv7-m/libc.a(lib_a-memset.o)
 .data          0x00000000        0x0 /usr/bin/../lib/gcc/arm-none-eabi/4.9.3/../../../../arm-none-eabi/lib/armv7-m/libc.a(lib_a-memset.o)
 .bss           0x00000000        0x0 /usr/bin/../lib/gcc/arm-none-eabi/4.9.3/../../../../arm-none-eabi/lib/armv7-m/libc.a(lib_a-memset.o)
 .text.memset   0x00000000       0x9c /usr/bin/../lib/gcc/arm-none-eabi/4.9.3/../../../../arm-none-eabi/lib/armv7-m/libc.a(lib_a-memset.o)
 .debug_frame   0x00000000       0x34 /usr/bin/../lib/gcc/arm-none-eabi/4.9.3/../../../../arm-none-eabi/lib/armv7-m/libc.a(lib_a-memset.o)
 .ARM.attributes
                0x00000000       0x2d /usr/bin/../lib/gcc/arm-none-eabi/4.9.3/../../../../arm-none-eabi/lib/armv7-m/libc.a(lib_a-memset.o)
 .text          0x00000000        0x0 /usr/bin/../lib/gcc/arm-none-eabi/4.9.3/../../../../arm-none-eabi/lib/armv7-m/libc.a(lib_a-__call_atexit.o)
 .data          0x00000000        0x0 /usr/bin/../lib/gcc/arm-none-eabi/4.9.3/../../../../arm-none-eabi/lib/armv7-m/libc.a(lib_a-__call_atexit.o)
 .bss           0x00000000        0x0 /usr/bin/../lib/gcc/arm-none-eabi/4.9.3/../../../../arm-none-eabi/lib/armv7-m/libc.a(lib_a-__call_atexit.o)
 .text.__call_exitprocs
                0x00000000       0xd4 /usr/bin/../lib/gcc/arm-none-eabi/4.9.3/../../../../arm-none-eabi/lib/armv7-m/libc.a(lib_a-__call_atexit.o)
 .text          0x00000000        0x0 /usr/bin/../lib/gcc/arm-none-eabi/4.9.3/../../../../arm-none-eabi/lib/armv7-m/libc.a(lib_a-atexit.o)
 .data          0x00000000        0x0 /usr/bin/../lib/gcc/arm-none-eabi/4.9.3/../../../../arm-none-eabi/lib/armv7-m/libc.a(lib_a-atexit.o)
 .bss           0x00000000        0x0 /usr/bin/../lib/gcc/arm-none-eabi/4.9.3/../../../../arm-none-eabi/lib/armv7-m/libc.a(lib_a-atexit.o)
 .text          0x00000000        0x0 /usr/bin/../lib/gcc/arm-none-eabi/4.9.3/../../../../arm-none-eabi/lib/armv7-m/libc.a(lib_a-fini.o)
 .data          0x00000000        0x0 /usr/bin/../lib/gcc/arm-none-eabi/4.9.3/../../../../arm-none-eabi/lib/armv7-m/libc.a(lib_a-fini.o)
 .bss           0x00000000        0x0 /usr/bin/../lib/gcc/arm-none-eabi/4.9.3/../../../../arm-none-eabi/lib/armv7-m/libc.a(lib_a-fini.o)
 .text          0x00000000        0x0 /usr/bin/../lib/gcc/arm-none-eabi/4.9.3/../../../../arm-none-eabi/lib/armv7-m/libc.a(lib_a-__atexit.o)
 .data          0x00000000        0x0 /usr/bin/../lib/gcc/arm-none-eabi/4.9.3/../../../../arm-none-eabi/lib/armv7-m/libc.a(lib_a-__atexit.o)
 .bss           0x00000000        0x0 /usr/bin/../lib/gcc/arm-none-eabi/4.9.3/../../../../arm-none-eabi/lib/armv7-m/libc.a(lib_a-__atexit.o)
 .text          0x00000000        0x0 /usr/bin/../lib/gcc/arm-none-eabi/4.9.3/../../../../arm-none-eabi/lib/armv7-m/librdimon.a(rdimon-_exit.o)
 .data          0x00000000        0x0 /usr/bin/../lib/gcc/arm-none-eabi/4.9.3/../../../../arm-none-eabi/lib/armv7-m/librdimon.a(rdimon-_exit.o)
 .bss           0x00000000        0x0 /usr/bin/../lib/gcc/arm-none-eabi/4.9.3/../../../../arm-none-eabi/lib/armv7-m/librdimon.a(rdimon-_exit.o)
 .text._exit    0x00000000        0x8 /usr/bin/../lib/gcc/arm-none-eabi/4.9.3/../../../../arm-none-eabi/lib/armv7-m/librdimon.a(rdimon-_exit.o)
 .debug_frame   0x00000000       0x20 /usr/bin/../lib/gcc/arm-none-eabi/4.9.3/../../../../arm-none-eabi/lib/armv7-m/librdimon.a(rdimon-_exit.o)
 .ARM.attributes
                0x00000000       0x2d /usr/bin/../lib/gcc/arm-none-eabi/4.9.3/../../../../arm-none-eabi/lib/armv7-m/librdimon.a(rdimon-_exit.o)
 .text          0x00000000        0x0 /usr/bin/../lib/gcc/arm-none-eabi/4.9.3/../../../../arm-none-eabi/lib/armv7-m/librdimon.a(rdimon-_kill.o)
 .data          0x00000000        0x0 /usr/bin/../lib/gcc/arm-none-eabi/4.9.3/../../../../arm-none-eabi/lib/armv7-m/librdimon.a(rdimon-_kill.o)
 .bss           0x00000000        0x0 /usr/bin/../lib/gcc/arm-none-eabi/4.9.3/../../../../arm-none-eabi/lib/armv7-m/librdimon.a(rdimon-_kill.o)
 .text._kill    0x00000000       0x20 /usr/bin/../lib/gcc/arm-none-eabi/4.9.3/../../../../arm-none-eabi/lib/armv7-m/librdimon.a(rdimon-_kill.o)
 .debug_frame   0x00000000       0x2c /usr/bin/../lib/gcc/arm-none-eabi/4.9.3/../../../../arm-none-eabi/lib/armv7-m/librdimon.a(rdimon-_kill.o)
 .ARM.attributes
                0x00000000       0x2d /usr/bin/../lib/gcc/arm-none-eabi/4.9.3/../../../../arm-none-eabi/lib/armv7-m/librdimon.a(rdimon-_kill.o)
 .text          0x00000000        0x0 /usr/bin/../lib/gcc/arm-none-eabi/4.9.3/armv7-m/crtend.o
 .data          0x00000000        0x0 /usr/bin/../lib/gcc/arm-none-eabi/4.9.3/armv7-m/crtend.o
 .bss           0x00000000        0x0 /usr/bin/../lib/gcc/arm-none-eabi/4.9.3/armv7-m/crtend.o
 .eh_frame      0x00000000        0x4 /usr/bin/../lib/gcc/arm-none-eabi/4.9.3/armv7-m/crtend.o
 .jcr           0x00000000        0x4 /usr/bin/../lib/gcc/arm-none-eabi/4.9.3/armv7-m/crtend.o
 .ARM.attributes
                0x00000000       0x2d /usr/bin/../lib/gcc/arm-none-eabi/4.9.3/armv7-m/crtend.o
 .text          0x00000000        0x0 /usr/bin/../lib/gcc/arm-none-eabi/4.9.3/armv7-m/crtn.o
 .data          0x00000000        0x0 /usr/bin/../lib/gcc/arm-none-eabi/4.9.3/armv7-m/crtn.o
 .bss           0x00000000        0x0 /usr/bin/../lib/gcc/arm-none-eabi/4.9.3/armv7-m/crtn.o

Memory Configuration

Name             Origin             Length             Attributes
FLASH            0x08000000         0x00020000         xr
RAM              0x20000000         0x00005000         xrw
MEMORY_B1        0x60000000         0x00000000         xr
*default*        0x00000000         0xffffffff

Linker script and memory map

LOAD /usr/bin/../lib/gcc/arm-none-eabi/4.9.3/armv7-m/crti.o
LOAD /usr/bin/../lib/gcc/arm-none-eabi/4.9.3/armv7-m/crtbegin.o
LOAD /usr/bin/../lib/gcc/arm-none-eabi/4.9.3/../../../../arm-none-eabi/lib/armv7-m/crt0.o
LOAD GCC-ARM/Output/main.o
LOAD GCC-ARM/Output/system_stm32f10x.o
LOAD GCC-ARM/Output/hal_com.o
LOAD GCC-ARM/Output/stm32f10x_gpio.o
LOAD GCC-ARM/Output/stm32f10x_usart.o
LOAD GCC-ARM/Output/stm32f10x_rcc.o
LOAD GCC-ARM/Output/misc.o
LOAD GCC-ARM/Output/log.o
LOAD GCC-ARM/Output/startup_stm32f10x_md.o
LOAD /usr/bin/../lib/gcc/arm-none-eabi/4.9.3/armv7-m/libgcc.a
LOAD /usr/bin/../lib/gcc/arm-none-eabi/4.9.3/../../../../arm-none-eabi/lib/armv7-m/libc.a
LOAD /usr/bin/../lib/gcc/arm-none-eabi/4.9.3/../../../../arm-none-eabi/lib/armv7-m/libm.a
LOAD /usr/bin/../lib/gcc/arm-none-eabi/4.9.3/../../../../arm-none-eabi/lib/armv7-m/librdimon.a
LOAD /usr/bin/../lib/gcc/arm-none-eabi/4.9.3/../../../../arm-none-eabi/lib/armv7-m/libnosys.a
START GROUP
LOAD /usr/bin/../lib/gcc/arm-none-eabi/4.9.3/armv7-m/libgcc.a
LOAD /usr/bin/../lib/gcc/arm-none-eabi/4.9.3/../../../../arm-none-eabi/lib/armv7-m/libg.a
LOAD /usr/bin/../lib/gcc/arm-none-eabi/4.9.3/../../../../arm-none-eabi/lib/armv7-m/libc.a
END GROUP
LOAD /usr/bin/../lib/gcc/arm-none-eabi/4.9.3/armv7-m/crtend.o
LOAD /usr/bin/../lib/gcc/arm-none-eabi/4.9.3/armv7-m/crtn.o
                0x20005000                _estack = 0x20005000
                0x00000000                _Min_Heap_Size = 0x0
                0x00000100                _Min_Stack_Size = 0x100

.isr_vector     0x08000000      0x10c
                0x08000000                . = ALIGN (0x4)
 *(.isr_vector)
 .isr_vector    0x08000000      0x10c GCC-ARM/Output/startup_stm32f10x_md.o
                0x08000000                g_pfnVectors
                0x0800010c                . = ALIGN (0x4)

.eh_frame       0x0800010c        0x0
 .eh_frame      0x0800010c        0x0 /usr/bin/../lib/gcc/arm-none-eabi/4.9.3/armv7-m/crtbegin.o

.text           0x0800010c     0x3d48
                0x0800010c                . = ALIGN (0x4)
 *(.text)
 .text          0x0800010c       0x5c /usr/bin/../lib/gcc/arm-none-eabi/4.9.3/armv7-m/crtbegin.o
 .text          0x08000168       0xd0 GCC-ARM/Output/main.o
                0x08000168                usart_callback
                0x0800017c                COMM_USARTConfig
                0x08000214                main
                0x0800022c                assert_failed
 .text          0x08000238      0x250 GCC-ARM/Output/system_stm32f10x.o
                0x08000238                SystemInit
                0x080002a0                SystemCoreClockUpdate
 .text          0x08000488      0x3e4 GCC-ARM/Output/hal_com.o
                0x08000488                hal_com_init
                0x080005fc                hal_com_deinit
                0x08000630                hal_com_sendbyte
                0x080006a4                hal_com_readbyte
                0x080006e4                hal_com_enable_irq
                0x0800077c                hal_com_disable_irq
                0x08000830                USART1_IRQHandler
                0x0800083c                USART2_IRQHandler
                0x08000848                USART3_IRQHandler
                0x08000854                UART4_IRQHandler
                0x08000860                UART5_IRQHandler
 .text          0x0800086c      0xf88 GCC-ARM/Output/stm32f10x_gpio.o
                0x0800086c                GPIO_DeInit
                0x08000994                GPIO_AFIODeInit
                0x080009ac                GPIO_Init
                0x08000c00                GPIO_StructInit
                0x08000c28                GPIO_ReadInputDataBit
                0x08000d34                GPIO_ReadInputData
                0x08000dac                GPIO_ReadOutputDataBit
                0x08000eb8                GPIO_ReadOutputData
                0x08000f30                GPIO_SetBits
                0x08000fbc                GPIO_ResetBits
                0x08001048                GPIO_WriteBit
                0x08001164                GPIO_Write
                0x080011e0                GPIO_PinLockConfig
                0x08001290                GPIO_EventOutputConfig
                0x0800136c                GPIO_EventOutputCmd
                0x080013a0                GPIO_PinRemapConfig
                0x0800169c                GPIO_EXTILineConfig
                0x080017c0                GPIO_ETH_MediaInterfaceConfig
 .text          0x080017f4     0x1500 GCC-ARM/Output/stm32f10x_usart.o
                0x080017f4                USART_DeInit
                0x080018e0                USART_Init
                0x08001b98                USART_StructInit
                0x08001bd0                USART_ClockInit
                0x08001cc4                USART_ClockStructInit
                0x08001cf0                USART_Cmd
                0x08001d8c                USART_ITConfig
                0x08001ef4                USART_DMACmd
                0x08001fb4                USART_SetAddress
                0x08002044                USART_WakeUpConfig
                0x080020d8                USART_ReceiverWakeUpCmd
                0x08002174                USART_LINBreakDetectLengthConfig
                0x08002208                USART_LINCmd
                0x080022a4                USART_SendData
                0x08002320                USART_ReceiveData
                0x08002388                USART_SendBreak
                0x080023f0                USART_SetGuardTime
                0x08002458                USART_SetPrescaler
                0x080024d8                USART_SmartCardCmd
                0x0800255c                USART_SmartCardNACKCmd
                0x080025e0                USART_HalfDuplexCmd
                0x0800267c                USART_OverSampling8Cmd
                0x0800271c                USART_OneBitMethodCmd
                0x080027b8                USART_IrDAConfig
                0x0800284c                USART_IrDACmd
                0x080028e8                USART_GetFlagStatus
                0x080029dc                USART_ClearFlag
                0x08002a8c                USART_GetITStatus
                0x08002c18                USART_ClearITPendingBit
 .text          0x08002cf4      0xc48 GCC-ARM/Output/stm32f10x_rcc.o
                0x08002cf4                RCC_DeInit
                0x08002d50                RCC_HSEConfig
                0x08002dcc                RCC_WaitForHSEStartUp
                0x08002e1c                RCC_AdjustHSICalibrationValue
                0x08002e68                RCC_HSICmd
                0x08002e9c                RCC_PLLConfig
                0x08002f78                RCC_PLLCmd
                0x08002fac                RCC_SYSCLKConfig
                0x08003000                RCC_GetSYSCLKSource
                0x08003020                RCC_HCLKConfig
                0x08003098                RCC_PCLK1Config
                0x08003100                RCC_PCLK2Config
                0x08003168                RCC_ITConfig
                0x080031e4                RCC_USBCLKConfig
                0x08003218                RCC_ADCCLKConfig
                0x08003278                RCC_LSEConfig
                0x080032d4                RCC_LSICmd
                0x08003308                RCC_RTCCLKConfig
                0x0800334c                RCC_RTCCLKCmd
                0x08003380                RCC_GetClocksFreq
                0x080034e4                RCC_AHBPeriphClockCmd
                0x08003554                RCC_APB2PeriphClockCmd
                0x080035c4                RCC_APB1PeriphClockCmd
                0x08003634                RCC_APB2PeriphResetCmd
                0x080036a4                RCC_APB1PeriphResetCmd
                0x08003714                RCC_BackupResetCmd
                0x08003748                RCC_ClockSecuritySystemCmd
                0x0800377c                RCC_MCOConfig
                0x080037c4                RCC_GetFlagStatus
                0x08003884                RCC_ClearFlag
                0x080038a0                RCC_GetITStatus
                0x08003904                RCC_ClearITPendingBit
 .text          0x0800393c      0x264 GCC-ARM/Output/misc.o
                0x0800393c                NVIC_PriorityGroupConfig
                0x08003990                NVIC_Init
                0x08003a8c                NVIC_SetVectorTable
                0x08003ae4                NVIC_SystemLPConfig
                0x08003b54                SysTick_CLKSourceConfig
 *(.text*)
 .text.Reset_Handler
                0x08003ba0       0x48 GCC-ARM/Output/startup_stm32f10x_md.o
                0x08003ba0                Reset_Handler
 .text.Default_Handler
                0x08003be8        0x2 GCC-ARM/Output/startup_stm32f10x_md.o
                0x08003be8                EXTI2_IRQHandler
                0x08003be8                DebugMon_Handler
                0x08003be8                TIM1_CC_IRQHandler
                0x08003be8                HardFault_Handler
                0x08003be8                SysTick_Handler
                0x08003be8                PVD_IRQHandler
                0x08003be8                PendSV_Handler
                0x08003be8                NMI_Handler
                0x08003be8                EXTI3_IRQHandler
                0x08003be8                EXTI0_IRQHandler
                0x08003be8                I2C2_EV_IRQHandler
                0x08003be8                UsageFault_Handler
                0x08003be8                ADC1_2_IRQHandler
                0x08003be8                SPI1_IRQHandler
                0x08003be8                TAMPER_IRQHandler
                0x08003be8                DMA1_Channel4_IRQHandler
                0x08003be8                RTC_IRQHandler
                0x08003be8                DMA1_Channel7_IRQHandler
                0x08003be8                CAN1_RX1_IRQHandler
                0x08003be8                TIM4_IRQHandler
                0x08003be8                I2C1_EV_IRQHandler
                0x08003be8                DMA1_Channel6_IRQHandler
                0x08003be8                TIM3_IRQHandler
                0x08003be8                RCC_IRQHandler
                0x08003be8                TIM1_TRG_COM_IRQHandler
                0x08003be8                DMA1_Channel1_IRQHandler
                0x08003be8                Default_Handler
                0x08003be8                EXTI15_10_IRQHandler
                0x08003be8                EXTI9_5_IRQHandler
                0x08003be8                SPI2_IRQHandler
                0x08003be8                MemManage_Handler
                0x08003be8                SVC_Handler
                0x08003be8                DMA1_Channel5_IRQHandler
                0x08003be8                EXTI4_IRQHandler
                0x08003be8                USB_LP_CAN1_RX0_IRQHandler
                0x08003be8                USB_HP_CAN1_TX_IRQHandler
                0x08003be8                DMA1_Channel3_IRQHandler
                0x08003be8                TIM1_UP_IRQHandler
                0x08003be8                WWDG_IRQHandler
                0x08003be8                TIM2_IRQHandler
                0x08003be8                TIM1_BRK_IRQHandler
                0x08003be8                EXTI1_IRQHandler
                0x08003be8                RTCAlarm_IRQHandler
                0x08003be8                I2C2_ER_IRQHandler
                0x08003be8                DMA1_Channel2_IRQHandler
                0x08003be8                CAN1_SCE_IRQHandler
                0x08003be8                FLASH_IRQHandler
                0x08003be8                BusFault_Handler
                0x08003be8                I2C1_ER_IRQHandler
                0x08003be8                USBWakeUp_IRQHandler
 *fill*         0x08003bea        0x2 
 .text.__libc_init_array
                0x08003bec       0x50 /usr/bin/../lib/gcc/arm-none-eabi/4.9.3/../../../../arm-none-eabi/lib/armv7-m/libc.a(lib_a-init.o)
                0x08003bec                __libc_init_array
 .text.startup.register_fini
                0x08003c3c       0x14 /usr/bin/../lib/gcc/arm-none-eabi/4.9.3/../../../../arm-none-eabi/lib/armv7-m/libc.a(lib_a-__call_atexit.o)
 .text.atexit   0x08003c50        0xc /usr/bin/../lib/gcc/arm-none-eabi/4.9.3/../../../../arm-none-eabi/lib/armv7-m/libc.a(lib_a-atexit.o)
                0x08003c50                atexit
 .text.__libc_fini_array
                0x08003c5c       0x2c /usr/bin/../lib/gcc/arm-none-eabi/4.9.3/../../../../arm-none-eabi/lib/armv7-m/libc.a(lib_a-fini.o)
                0x08003c5c                __libc_fini_array
 .text.__register_exitproc
                0x08003c88       0xa4 /usr/bin/../lib/gcc/arm-none-eabi/4.9.3/../../../../arm-none-eabi/lib/armv7-m/libc.a(lib_a-__atexit.o)
                0x08003c88                __register_exitproc
 *(.rodata)
 .rodata        0x08003d2c       0x6c GCC-ARM/Output/hal_com.o
 .rodata        0x08003d98       0x28 GCC-ARM/Output/stm32f10x_gpio.o
 .rodata        0x08003dc0       0x29 GCC-ARM/Output/stm32f10x_usart.o
 *fill*         0x08003de9        0x3 
 .rodata        0x08003dec       0x27 GCC-ARM/Output/stm32f10x_rcc.o
 *fill*         0x08003e13        0x1 
 .rodata        0x08003e14       0x1e GCC-ARM/Output/misc.o
 *(.rodata*)
 *fill*         0x08003e32        0x2 
 .rodata.str1.4
                0x08003e34        0x4 /usr/bin/../lib/gcc/arm-none-eabi/4.9.3/../../../../arm-none-eabi/lib/armv7-m/libc.a(lib_a-impure.o)
                                  0x2 (size before relaxing)
 .rodata._global_impure_ptr
                0x08003e38        0x4 /usr/bin/../lib/gcc/arm-none-eabi/4.9.3/../../../../arm-none-eabi/lib/armv7-m/libc.a(lib_a-impure.o)
                0x08003e38                _global_impure_ptr
 *(.glue_7)
 .glue_7        0x00000000        0x0 linker stubs
 *(.glue_7t)
 .glue_7t       0x00000000        0x0 linker stubs
 *(.init)
 .init          0x08003e3c        0x4 /usr/bin/../lib/gcc/arm-none-eabi/4.9.3/armv7-m/crti.o
                0x08003e3c                _init
 .init          0x08003e40        0x8 /usr/bin/../lib/gcc/arm-none-eabi/4.9.3/armv7-m/crtn.o
 *(.fini)
 .fini          0x08003e48        0x4 /usr/bin/../lib/gcc/arm-none-eabi/4.9.3/armv7-m/crti.o
                0x08003e48                _fini
 .fini          0x08003e4c        0x8 /usr/bin/../lib/gcc/arm-none-eabi/4.9.3/armv7-m/crtn.o
                0x08003e54                . = ALIGN (0x4)
                0x08003e54                _etext = .

.vfp11_veneer   0x08003e54        0x0
 .vfp11_veneer  0x00000000        0x0 linker stubs

.v4_bx          0x08003e54        0x0
 .v4_bx         0x00000000        0x0 linker stubs

.iplt           0x08003e54        0x0
 .iplt          0x00000000        0x0 /usr/bin/../lib/gcc/arm-none-eabi/4.9.3/armv7-m/crtbegin.o

.rel.dyn        0x08003e54        0x0
 .rel.iplt      0x00000000        0x0 /usr/bin/../lib/gcc/arm-none-eabi/4.9.3/armv7-m/crtbegin.o

.ARM.extab
 *(.ARM.extab* .gnu.linkonce.armextab.*)

.ARM            0x08003e54        0x0
                0x08003e54                __exidx_start = .
 *(.ARM.exidx*)
                0x08003e54                __exidx_end = .

.ARM.attributes
                0x08003e54       0x29
 *(.ARM.attributes)
 .ARM.attributes
                0x08003e54       0x1d /usr/bin/../lib/gcc/arm-none-eabi/4.9.3/armv7-m/crti.o
 .ARM.attributes
                0x08003e71       0x2d /usr/bin/../lib/gcc/arm-none-eabi/4.9.3/armv7-m/crtbegin.o
 .ARM.attributes
                0x08003e9e       0x33 GCC-ARM/Output/main.o
 .ARM.attributes
                0x08003ed1       0x33 GCC-ARM/Output/system_stm32f10x.o
 .ARM.attributes
                0x08003f04       0x33 GCC-ARM/Output/hal_com.o
 .ARM.attributes
                0x08003f37       0x33 GCC-ARM/Output/stm32f10x_gpio.o
 .ARM.attributes
                0x08003f6a       0x33 GCC-ARM/Output/stm32f10x_usart.o
 .ARM.attributes
                0x08003f9d       0x33 GCC-ARM/Output/stm32f10x_rcc.o
 .ARM.attributes
                0x08003fd0       0x33 GCC-ARM/Output/misc.o
 .ARM.attributes
                0x08004003       0x21 GCC-ARM/Output/startup_stm32f10x_md.o
 .ARM.attributes
                0x08004024       0x2d /usr/bin/../lib/gcc/arm-none-eabi/4.9.3/../../../../arm-none-eabi/lib/armv7-m/libc.a(lib_a-impure.o)
 .ARM.attributes
                0x08004051       0x2d /usr/bin/../lib/gcc/arm-none-eabi/4.9.3/../../../../arm-none-eabi/lib/armv7-m/libc.a(lib_a-init.o)
 .ARM.attributes
                0x0800407e       0x2d /usr/bin/../lib/gcc/arm-none-eabi/4.9.3/../../../../arm-none-eabi/lib/armv7-m/libc.a(lib_a-__call_atexit.o)
 .ARM.attributes
                0x080040ab       0x2d /usr/bin/../lib/gcc/arm-none-eabi/4.9.3/../../../../arm-none-eabi/lib/armv7-m/libc.a(lib_a-atexit.o)
 .ARM.attributes
                0x080040d8       0x2d /usr/bin/../lib/gcc/arm-none-eabi/4.9.3/../../../../arm-none-eabi/lib/armv7-m/libc.a(lib_a-fini.o)
 .ARM.attributes
                0x08004105       0x2d /usr/bin/../lib/gcc/arm-none-eabi/4.9.3/../../../../arm-none-eabi/lib/armv7-m/libc.a(lib_a-__atexit.o)
 .ARM.attributes
                0x08004132       0x1d /usr/bin/../lib/gcc/arm-none-eabi/4.9.3/armv7-m/crtn.o

.preinit_array  0x08003e54        0x0
                0x08003e54                PROVIDE (__preinit_array_start, .)
 *(.preinit_array*)
                0x08003e54                PROVIDE (__preinit_array_end, .)

.init_array     0x08003e54        0x8
                0x08003e54                PROVIDE (__init_array_start, .)
 *(SORT(.init_array.*))
 .init_array.00000
                0x08003e54        0x4 /usr/bin/../lib/gcc/arm-none-eabi/4.9.3/../../../../arm-none-eabi/lib/armv7-m/libc.a(lib_a-__call_atexit.o)
 *(.init_array*)
 .init_array    0x08003e58        0x4 /usr/bin/../lib/gcc/arm-none-eabi/4.9.3/armv7-m/crtbegin.o
                0x08003e5c                PROVIDE (__init_array_end, .)

.fini_array     0x08003e5c        0x4
                0x08003e5c                PROVIDE (__fini_array_start, .)
 *(.fini_array*)
 .fini_array    0x08003e5c        0x4 /usr/bin/../lib/gcc/arm-none-eabi/4.9.3/armv7-m/crtbegin.o
 *(SORT(.fini_array.*))
                0x08003e60                PROVIDE (__fini_array_end, .)
                0x08003e60                _sidata = .

.data           0x20000000      0x450 load address 0x08003e60
                0x20000000                . = ALIGN (0x4)
                0x20000000                _sdata = .
 *(.data)
 .data          0x20000000       0x14 GCC-ARM/Output/system_stm32f10x.o
                0x20000000                SystemCoreClock
                0x20000004                AHBPrescTable
 .data          0x20000014       0x14 GCC-ARM/Output/stm32f10x_rcc.o
 *(.data*)
 .data.impure_data
                0x20000028      0x428 /usr/bin/../lib/gcc/arm-none-eabi/4.9.3/../../../../arm-none-eabi/lib/armv7-m/libc.a(lib_a-impure.o)
                0x20000450                . = ALIGN (0x4)
                0x20000450                _edata = .

.jcr            0x20000450        0x0 load address 0x080042b0
 .jcr           0x20000450        0x0 /usr/bin/../lib/gcc/arm-none-eabi/4.9.3/armv7-m/crtbegin.o

.igot.plt       0x20000450        0x0 load address 0x080042b0
 .igot.plt      0x00000000        0x0 /usr/bin/../lib/gcc/arm-none-eabi/4.9.3/armv7-m/crtbegin.o
                0x20000450                . = ALIGN (0x4)

.bss            0x20000450       0x30 load address 0x080042b0
                0x20000450                _sbss = .
                0x20000450                __bss_start__ = _sbss
 *(.bss)
 .bss           0x20000450       0x1c /usr/bin/../lib/gcc/arm-none-eabi/4.9.3/armv7-m/crtbegin.o
 .bss           0x2000046c       0x14 GCC-ARM/Output/hal_com.o
 *(.bss*)
 *(COMMON)
                0x20000480                . = ALIGN (0x4)
                0x20000480                _ebss = .
                0x20000480                __bss_end__ = _ebss
                0x20000480                PROVIDE (end, _ebss)
                0x20000480                PROVIDE (_end, _ebss)

._user_heap_stack
                0x20000480      0x100 load address 0x080042e0
                0x20000480                . = ALIGN (0x4)
                0x20000480                . = (. + _Min_Heap_Size)
                0x20000580                . = (. + _Min_Stack_Size)
 *fill*         0x20000480      0x100 
                0x20000580                . = ALIGN (0x4)

.memory_b1_text
 *(.mb1text)
 *(.mb1text*)
 *(.mb1rodata)
 *(.mb1rodata*)

/DISCARD/
 libc.a(*)
 libm.a(*)
 libgcc.a(*)
OUTPUT(GCC-ARM/Output/counter.elf elf32-littlearm)

.debug_info     0x00000000     0x320b
 .debug_info    0x00000000      0x5c0 GCC-ARM/Output/main.o
 .debug_info    0x000005c0      0x438 GCC-ARM/Output/system_stm32f10x.o
 .debug_info    0x000009f8      0x96f GCC-ARM/Output/hal_com.o
 .debug_info    0x00001367      0x6e1 GCC-ARM/Output/stm32f10x_gpio.o
 .debug_info    0x00001a48      0x9d6 GCC-ARM/Output/stm32f10x_usart.o
 .debug_info    0x0000241e      0x87b GCC-ARM/Output/stm32f10x_rcc.o
 .debug_info    0x00002c99      0x4ed GCC-ARM/Output/misc.o
 .debug_info    0x00003186       0x85 GCC-ARM/Output/startup_stm32f10x_md.o

.debug_abbrev   0x00000000      0xb85
 .debug_abbrev  0x00000000      0x190 GCC-ARM/Output/main.o
 .debug_abbrev  0x00000190      0x179 GCC-ARM/Output/system_stm32f10x.o
 .debug_abbrev  0x00000309      0x212 GCC-ARM/Output/hal_com.o
 .debug_abbrev  0x0000051b      0x1ca GCC-ARM/Output/stm32f10x_gpio.o
 .debug_abbrev  0x000006e5      0x17e GCC-ARM/Output/stm32f10x_usart.o
 .debug_abbrev  0x00000863      0x1ba GCC-ARM/Output/stm32f10x_rcc.o
 .debug_abbrev  0x00000a1d      0x156 GCC-ARM/Output/misc.o
 .debug_abbrev  0x00000b73       0x12 GCC-ARM/Output/startup_stm32f10x_md.o

.debug_aranges  0x00000000      0x108
 .debug_aranges
                0x00000000       0x20 GCC-ARM/Output/main.o
 .debug_aranges
                0x00000020       0x20 GCC-ARM/Output/system_stm32f10x.o
 .debug_aranges
                0x00000040       0x20 GCC-ARM/Output/hal_com.o
 .debug_aranges
                0x00000060       0x20 GCC-ARM/Output/stm32f10x_gpio.o
 .debug_aranges
                0x00000080       0x20 GCC-ARM/Output/stm32f10x_usart.o
 .debug_aranges
                0x000000a0       0x20 GCC-ARM/Output/stm32f10x_rcc.o
 .debug_aranges
                0x000000c0       0x20 GCC-ARM/Output/misc.o
 .debug_aranges
                0x000000e0       0x28 GCC-ARM/Output/startup_stm32f10x_md.o

.debug_line     0x00000000     0x1ad1
 .debug_line    0x00000000      0x177 GCC-ARM/Output/main.o
 .debug_line    0x00000177      0x184 GCC-ARM/Output/system_stm32f10x.o
 .debug_line    0x000002fb      0x1cc GCC-ARM/Output/hal_com.o
 .debug_line    0x000004c7      0x701 GCC-ARM/Output/stm32f10x_gpio.o
 .debug_line    0x00000bc8      0x7b3 GCC-ARM/Output/stm32f10x_usart.o
 .debug_line    0x0000137b      0x507 GCC-ARM/Output/stm32f10x_rcc.o
 .debug_line    0x00001882      0x1b6 GCC-ARM/Output/misc.o
 .debug_line    0x00001a38       0x99 GCC-ARM/Output/startup_stm32f10x_md.o

.debug_str      0x00000000     0x160a
 .debug_str     0x00000000      0x5af GCC-ARM/Output/main.o
                                0x614 (size before relaxing)
 .debug_str     0x000005af      0x153 GCC-ARM/Output/system_stm32f10x.o
                                0x2d7 (size before relaxing)
 .debug_str     0x00000702      0x470 GCC-ARM/Output/hal_com.o
                                0xa5a (size before relaxing)
 .debug_str     0x00000b72      0x25f GCC-ARM/Output/stm32f10x_gpio.o
                                0x510 (size before relaxing)
 .debug_str     0x00000dd1      0x395 GCC-ARM/Output/stm32f10x_usart.o
                                0x687 (size before relaxing)
 .debug_str     0x00001166      0x365 GCC-ARM/Output/stm32f10x_rcc.o
                                0x611 (size before relaxing)
 .debug_str     0x000014cb      0x13f GCC-ARM/Output/misc.o
                                0x3af (size before relaxing)

.comment        0x00000000       0x70
 .comment       0x00000000       0x70 GCC-ARM/Output/main.o
                                 0x71 (size before relaxing)
 .comment       0x00000000       0x71 GCC-ARM/Output/system_stm32f10x.o
 .comment       0x00000000       0x71 GCC-ARM/Output/hal_com.o
 .comment       0x00000000       0x71 GCC-ARM/Output/stm32f10x_gpio.o
 .comment       0x00000000       0x71 GCC-ARM/Output/stm32f10x_usart.o
 .comment       0x00000000       0x71 GCC-ARM/Output/stm32f10x_rcc.o
 .comment       0x00000000       0x71 GCC-ARM/Output/misc.o

.debug_frame    0x00000000      0xfe8
 .debug_frame   0x00000000       0x94 GCC-ARM/Output/main.o
 .debug_frame   0x00000094       0x98 GCC-ARM/Output/system_stm32f10x.o
 .debug_frame   0x0000012c      0x19c GCC-ARM/Output/hal_com.o
 .debug_frame   0x000002c8      0x2a0 GCC-ARM/Output/stm32f10x_gpio.o
 .debug_frame   0x00000568      0x430 GCC-ARM/Output/stm32f10x_usart.o
 .debug_frame   0x00000998      0x488 GCC-ARM/Output/stm32f10x_rcc.o
 .debug_frame   0x00000e20       0xc4 GCC-ARM/Output/misc.o
 .debug_frame   0x00000ee4       0x2c /usr/bin/../lib/gcc/arm-none-eabi/4.9.3/../../../../arm-none-eabi/lib/armv7-m/libc.a(lib_a-init.o)
 .debug_frame   0x00000f10       0x50 /usr/bin/../lib/gcc/arm-none-eabi/4.9.3/../../../../arm-none-eabi/lib/armv7-m/libc.a(lib_a-__call_atexit.o)
 .debug_frame   0x00000f60       0x20 /usr/bin/../lib/gcc/arm-none-eabi/4.9.3/../../../../arm-none-eabi/lib/armv7-m/libc.a(lib_a-atexit.o)
 .debug_frame   0x00000f80       0x34 /usr/bin/../lib/gcc/arm-none-eabi/4.9.3/../../../../arm-none-eabi/lib/armv7-m/libc.a(lib_a-fini.o)
 .debug_frame   0x00000fb4       0x34 /usr/bin/../lib/gcc/arm-none-eabi/4.9.3/../../../../arm-none-eabi/lib/armv7-m/libc.a(lib_a-__atexit.o)

.debug_ranges   0x00000000       0x20
 .debug_ranges  0x00000000       0x20 GCC-ARM/Output/startup_stm32f10x_md.o

Cross Reference Table

Symbol                                            File
ADC1_2_IRQHandler                                 GCC-ARM/Output/startup_stm32f10x_md.o
AHBPrescTable                                     GCC-ARM/Output/system_stm32f10x.o
BusFault_Handler                                  GCC-ARM/Output/startup_stm32f10x_md.o
CAN1_RX1_IRQHandler                               GCC-ARM/Output/startup_stm32f10x_md.o
CAN1_SCE_IRQHandler                               GCC-ARM/Output/startup_stm32f10x_md.o
COMM_USARTConfig                                  GCC-ARM/Output/main.o
DMA1_Channel1_IRQHandler                          GCC-ARM/Output/startup_stm32f10x_md.o
DMA1_Channel2_IRQHandler                          GCC-ARM/Output/startup_stm32f10x_md.o
DMA1_Channel3_IRQHandler                          GCC-ARM/Output/startup_stm32f10x_md.o
DMA1_Channel4_IRQHandler                          GCC-ARM/Output/startup_stm32f10x_md.o
DMA1_Channel5_IRQHandler                          GCC-ARM/Output/startup_stm32f10x_md.o
DMA1_Channel6_IRQHandler                          GCC-ARM/Output/startup_stm32f10x_md.o
DMA1_Channel7_IRQHandler                          GCC-ARM/Output/startup_stm32f10x_md.o
DebugMon_Handler                                  GCC-ARM/Output/startup_stm32f10x_md.o
Default_Handler                                   GCC-ARM/Output/startup_stm32f10x_md.o
EXTI0_IRQHandler                                  GCC-ARM/Output/startup_stm32f10x_md.o
EXTI15_10_IRQHandler                              GCC-ARM/Output/startup_stm32f10x_md.o
EXTI1_IRQHandler                                  GCC-ARM/Output/startup_stm32f10x_md.o
EXTI2_IRQHandler                                  GCC-ARM/Output/startup_stm32f10x_md.o
EXTI3_IRQHandler                                  GCC-ARM/Output/startup_stm32f10x_md.o
EXTI4_IRQHandler                                  GCC-ARM/Output/startup_stm32f10x_md.o
EXTI9_5_IRQHandler                                GCC-ARM/Output/startup_stm32f10x_md.o
FLASH_IRQHandler                                  GCC-ARM/Output/startup_stm32f10x_md.o
GPIO_AFIODeInit                                   GCC-ARM/Output/stm32f10x_gpio.o
GPIO_DeInit                                       GCC-ARM/Output/stm32f10x_gpio.o
GPIO_ETH_MediaInterfaceConfig                     GCC-ARM/Output/stm32f10x_gpio.o
GPIO_EXTILineConfig                               GCC-ARM/Output/stm32f10x_gpio.o
GPIO_EventOutputCmd                               GCC-ARM/Output/stm32f10x_gpio.o
GPIO_EventOutputConfig                            GCC-ARM/Output/stm32f10x_gpio.o
GPIO_Init                                         GCC-ARM/Output/stm32f10x_gpio.o
                                                  GCC-ARM/Output/hal_com.o
                                                  GCC-ARM/Output/main.o
GPIO_PinLockConfig                                GCC-ARM/Output/stm32f10x_gpio.o
GPIO_PinRemapConfig                               GCC-ARM/Output/stm32f10x_gpio.o
GPIO_ReadInputData                                GCC-ARM/Output/stm32f10x_gpio.o
GPIO_ReadInputDataBit                             GCC-ARM/Output/stm32f10x_gpio.o
GPIO_ReadOutputData                               GCC-ARM/Output/stm32f10x_gpio.o
GPIO_ReadOutputDataBit                            GCC-ARM/Output/stm32f10x_gpio.o
GPIO_ResetBits                                    GCC-ARM/Output/stm32f10x_gpio.o
GPIO_SetBits                                      GCC-ARM/Output/stm32f10x_gpio.o
GPIO_StructInit                                   GCC-ARM/Output/stm32f10x_gpio.o
GPIO_Write                                        GCC-ARM/Output/stm32f10x_gpio.o
GPIO_WriteBit                                     GCC-ARM/Output/stm32f10x_gpio.o
HardFault_Handler                                 GCC-ARM/Output/startup_stm32f10x_md.o
I2C1_ER_IRQHandler                                GCC-ARM/Output/startup_stm32f10x_md.o
I2C1_EV_IRQHandler                                GCC-ARM/Output/startup_stm32f10x_md.o
I2C2_ER_IRQHandler                                GCC-ARM/Output/startup_stm32f10x_md.o
I2C2_EV_IRQHandler                                GCC-ARM/Output/startup_stm32f10x_md.o
MemManage_Handler                                 GCC-ARM/Output/startup_stm32f10x_md.o
NMI_Handler                                       GCC-ARM/Output/startup_stm32f10x_md.o
NVIC_Init                                         GCC-ARM/Output/misc.o
                                                  GCC-ARM/Output/hal_com.o
NVIC_PriorityGroupConfig                          GCC-ARM/Output/misc.o
                                                  GCC-ARM/Output/hal_com.o
NVIC_SetVectorTable                               GCC-ARM/Output/misc.o
NVIC_SystemLPConfig                               GCC-ARM/Output/misc.o
PVD_IRQHandler                                    GCC-ARM/Output/startup_stm32f10x_md.o
PendSV_Handler                                    GCC-ARM/Output/startup_stm32f10x_md.o
RCC_ADCCLKConfig                                  GCC-ARM/Output/stm32f10x_rcc.o
RCC_AHBPeriphClockCmd                             GCC-ARM/Output/stm32f10x_rcc.o
RCC_APB1PeriphClockCmd                            GCC-ARM/Output/stm32f10x_rcc.o
RCC_APB1PeriphResetCmd                            GCC-ARM/Output/stm32f10x_rcc.o
                                                  GCC-ARM/Output/stm32f10x_usart.o
RCC_APB2PeriphClockCmd                            GCC-ARM/Output/stm32f10x_rcc.o
                                                  GCC-ARM/Output/hal_com.o
                                                  GCC-ARM/Output/main.o
RCC_APB2PeriphResetCmd                            GCC-ARM/Output/stm32f10x_rcc.o
                                                  GCC-ARM/Output/stm32f10x_usart.o
                                                  GCC-ARM/Output/stm32f10x_gpio.o
RCC_AdjustHSICalibrationValue                     GCC-ARM/Output/stm32f10x_rcc.o
RCC_BackupResetCmd                                GCC-ARM/Output/stm32f10x_rcc.o
RCC_ClearFlag                                     GCC-ARM/Output/stm32f10x_rcc.o
RCC_ClearITPendingBit                             GCC-ARM/Output/stm32f10x_rcc.o
RCC_ClockSecuritySystemCmd                        GCC-ARM/Output/stm32f10x_rcc.o
RCC_DeInit                                        GCC-ARM/Output/stm32f10x_rcc.o
RCC_GetClocksFreq                                 GCC-ARM/Output/stm32f10x_rcc.o
                                                  GCC-ARM/Output/stm32f10x_usart.o
RCC_GetFlagStatus                                 GCC-ARM/Output/stm32f10x_rcc.o
RCC_GetITStatus                                   GCC-ARM/Output/stm32f10x_rcc.o
RCC_GetSYSCLKSource                               GCC-ARM/Output/stm32f10x_rcc.o
RCC_HCLKConfig                                    GCC-ARM/Output/stm32f10x_rcc.o
RCC_HSEConfig                                     GCC-ARM/Output/stm32f10x_rcc.o
RCC_HSICmd                                        GCC-ARM/Output/stm32f10x_rcc.o
RCC_IRQHandler                                    GCC-ARM/Output/startup_stm32f10x_md.o
RCC_ITConfig                                      GCC-ARM/Output/stm32f10x_rcc.o
RCC_LSEConfig                                     GCC-ARM/Output/stm32f10x_rcc.o
RCC_LSICmd                                        GCC-ARM/Output/stm32f10x_rcc.o
RCC_MCOConfig                                     GCC-ARM/Output/stm32f10x_rcc.o
RCC_PCLK1Config                                   GCC-ARM/Output/stm32f10x_rcc.o
RCC_PCLK2Config                                   GCC-ARM/Output/stm32f10x_rcc.o
RCC_PLLCmd                                        GCC-ARM/Output/stm32f10x_rcc.o
RCC_PLLConfig                                     GCC-ARM/Output/stm32f10x_rcc.o
RCC_RTCCLKCmd                                     GCC-ARM/Output/stm32f10x_rcc.o
RCC_RTCCLKConfig                                  GCC-ARM/Output/stm32f10x_rcc.o
RCC_SYSCLKConfig                                  GCC-ARM/Output/stm32f10x_rcc.o
RCC_USBCLKConfig                                  GCC-ARM/Output/stm32f10x_rcc.o
RCC_WaitForHSEStartUp                             GCC-ARM/Output/stm32f10x_rcc.o
RTCAlarm_IRQHandler                               GCC-ARM/Output/startup_stm32f10x_md.o
RTC_IRQHandler                                    GCC-ARM/Output/startup_stm32f10x_md.o
Reset_Handler                                     GCC-ARM/Output/startup_stm32f10x_md.o
SPI1_IRQHandler                                   GCC-ARM/Output/startup_stm32f10x_md.o
SPI2_IRQHandler                                   GCC-ARM/Output/startup_stm32f10x_md.o
SVC_Handler                                       GCC-ARM/Output/startup_stm32f10x_md.o
SysTick_CLKSourceConfig                           GCC-ARM/Output/misc.o
SysTick_Handler                                   GCC-ARM/Output/startup_stm32f10x_md.o
SystemCoreClock                                   GCC-ARM/Output/system_stm32f10x.o
SystemCoreClockUpdate                             GCC-ARM/Output/system_stm32f10x.o
SystemInit                                        GCC-ARM/Output/system_stm32f10x.o
                                                  GCC-ARM/Output/startup_stm32f10x_md.o
TAMPER_IRQHandler                                 GCC-ARM/Output/startup_stm32f10x_md.o
TIM1_BRK_IRQHandler                               GCC-ARM/Output/startup_stm32f10x_md.o
TIM1_CC_IRQHandler                                GCC-ARM/Output/startup_stm32f10x_md.o
TIM1_TRG_COM_IRQHandler                           GCC-ARM/Output/startup_stm32f10x_md.o
TIM1_UP_IRQHandler                                GCC-ARM/Output/startup_stm32f10x_md.o
TIM2_IRQHandler                                   GCC-ARM/Output/startup_stm32f10x_md.o
TIM3_IRQHandler                                   GCC-ARM/Output/startup_stm32f10x_md.o
TIM4_IRQHandler                                   GCC-ARM/Output/startup_stm32f10x_md.o
UART4_IRQHandler                                  GCC-ARM/Output/hal_com.o
UART5_IRQHandler                                  GCC-ARM/Output/hal_com.o
USART1_IRQHandler                                 GCC-ARM/Output/hal_com.o
USART2_IRQHandler                                 GCC-ARM/Output/hal_com.o
USART3_IRQHandler                                 GCC-ARM/Output/hal_com.o
USART_ClearFlag                                   GCC-ARM/Output/stm32f10x_usart.o
USART_ClearITPendingBit                           GCC-ARM/Output/stm32f10x_usart.o
USART_ClockInit                                   GCC-ARM/Output/stm32f10x_usart.o
USART_ClockStructInit                             GCC-ARM/Output/stm32f10x_usart.o
                                                  GCC-ARM/Output/hal_com.o
                                                  GCC-ARM/Output/main.o
USART_Cmd                                         GCC-ARM/Output/stm32f10x_usart.o
                                                  GCC-ARM/Output/hal_com.o
                                                  GCC-ARM/Output/main.o
USART_DMACmd                                      GCC-ARM/Output/stm32f10x_usart.o
USART_DeInit                                      GCC-ARM/Output/stm32f10x_usart.o
                                                  GCC-ARM/Output/hal_com.o
USART_GetFlagStatus                               GCC-ARM/Output/stm32f10x_usart.o
USART_GetITStatus                                 GCC-ARM/Output/stm32f10x_usart.o
USART_HalfDuplexCmd                               GCC-ARM/Output/stm32f10x_usart.o
USART_ITConfig                                    GCC-ARM/Output/stm32f10x_usart.o
USART_Init                                        GCC-ARM/Output/stm32f10x_usart.o
                                                  GCC-ARM/Output/hal_com.o
                                                  GCC-ARM/Output/main.o
USART_IrDACmd                                     GCC-ARM/Output/stm32f10x_usart.o
USART_IrDAConfig                                  GCC-ARM/Output/stm32f10x_usart.o
USART_LINBreakDetectLengthConfig                  GCC-ARM/Output/stm32f10x_usart.o
USART_LINCmd                                      GCC-ARM/Output/stm32f10x_usart.o
USART_OneBitMethodCmd                             GCC-ARM/Output/stm32f10x_usart.o
USART_OverSampling8Cmd                            GCC-ARM/Output/stm32f10x_usart.o
USART_ReceiveData                                 GCC-ARM/Output/stm32f10x_usart.o
USART_ReceiverWakeUpCmd                           GCC-ARM/Output/stm32f10x_usart.o
USART_SendBreak                                   GCC-ARM/Output/stm32f10x_usart.o
USART_SendData                                    GCC-ARM/Output/stm32f10x_usart.o
                                                  GCC-ARM/Output/hal_com.o
                                                  GCC-ARM/Output/main.o
USART_SetAddress                                  GCC-ARM/Output/stm32f10x_usart.o
USART_SetGuardTime                                GCC-ARM/Output/stm32f10x_usart.o
USART_SetPrescaler                                GCC-ARM/Output/stm32f10x_usart.o
USART_SmartCardCmd                                GCC-ARM/Output/stm32f10x_usart.o
USART_SmartCardNACKCmd                            GCC-ARM/Output/stm32f10x_usart.o
USART_StructInit                                  GCC-ARM/Output/stm32f10x_usart.o
USART_WakeUpConfig                                GCC-ARM/Output/stm32f10x_usart.o
USBWakeUp_IRQHandler                              GCC-ARM/Output/startup_stm32f10x_md.o
USB_HP_CAN1_TX_IRQHandler                         GCC-ARM/Output/startup_stm32f10x_md.o
USB_LP_CAN1_RX0_IRQHandler                        GCC-ARM/Output/startup_stm32f10x_md.o
UsageFault_Handler                                GCC-ARM/Output/startup_stm32f10x_md.o
WWDG_IRQHandler                                   GCC-ARM/Output/startup_stm32f10x_md.o
_Jv_RegisterClasses                               /usr/bin/../lib/gcc/arm-none-eabi/4.9.3/armv7-m/crtbegin.o
__bss_end__                                       /usr/bin/../lib/gcc/arm-none-eabi/4.9.3/../../../../arm-none-eabi/lib/armv7-m/crt0.o
__bss_start__                                     /usr/bin/../lib/gcc/arm-none-eabi/4.9.3/../../../../arm-none-eabi/lib/armv7-m/crt0.o
__call_exitprocs                                  /usr/bin/../lib/gcc/arm-none-eabi/4.9.3/../../../../arm-none-eabi/lib/armv7-m/libc.a(lib_a-__call_atexit.o)
                                                  /usr/bin/../lib/gcc/arm-none-eabi/4.9.3/../../../../arm-none-eabi/lib/armv7-m/libc.a(lib_a-exit.o)
__deregister_frame_info                           /usr/bin/../lib/gcc/arm-none-eabi/4.9.3/armv7-m/crtbegin.o
__dso_handle                                      /usr/bin/../lib/gcc/arm-none-eabi/4.9.3/armv7-m/crtbegin.o
__fini_array_end                                  /usr/bin/../lib/gcc/arm-none-eabi/4.9.3/../../../../arm-none-eabi/lib/armv7-m/libc.a(lib_a-fini.o)
__fini_array_start                                /usr/bin/../lib/gcc/arm-none-eabi/4.9.3/../../../../arm-none-eabi/lib/armv7-m/libc.a(lib_a-fini.o)
__init_array_end                                  /usr/bin/../lib/gcc/arm-none-eabi/4.9.3/../../../../arm-none-eabi/lib/armv7-m/libc.a(lib_a-init.o)
__init_array_start                                /usr/bin/../lib/gcc/arm-none-eabi/4.9.3/../../../../arm-none-eabi/lib/armv7-m/libc.a(lib_a-init.o)
__libc_fini                                       /usr/bin/../lib/gcc/arm-none-eabi/4.9.3/../../../../arm-none-eabi/lib/armv7-m/libc.a(lib_a-__call_atexit.o)
__libc_fini_array                                 /usr/bin/../lib/gcc/arm-none-eabi/4.9.3/../../../../arm-none-eabi/lib/armv7-m/libc.a(lib_a-fini.o)
                                                  /usr/bin/../lib/gcc/arm-none-eabi/4.9.3/../../../../arm-none-eabi/lib/armv7-m/libc.a(lib_a-__call_atexit.o)
                                                  /usr/bin/../lib/gcc/arm-none-eabi/4.9.3/../../../../arm-none-eabi/lib/armv7-m/crt0.o
__libc_init_array                                 /usr/bin/../lib/gcc/arm-none-eabi/4.9.3/../../../../arm-none-eabi/lib/armv7-m/libc.a(lib_a-init.o)
                                                  GCC-ARM/Output/startup_stm32f10x_md.o
                                                  /usr/bin/../lib/gcc/arm-none-eabi/4.9.3/../../../../arm-none-eabi/lib/armv7-m/crt0.o
__preinit_array_end                               /usr/bin/../lib/gcc/arm-none-eabi/4.9.3/../../../../arm-none-eabi/lib/armv7-m/libc.a(lib_a-init.o)
__preinit_array_start                             /usr/bin/../lib/gcc/arm-none-eabi/4.9.3/../../../../arm-none-eabi/lib/armv7-m/libc.a(lib_a-init.o)
__register_exitproc                               /usr/bin/../lib/gcc/arm-none-eabi/4.9.3/../../../../arm-none-eabi/lib/armv7-m/libc.a(lib_a-__atexit.o)
                                                  /usr/bin/../lib/gcc/arm-none-eabi/4.9.3/../../../../arm-none-eabi/lib/armv7-m/libc.a(lib_a-atexit.o)
__register_frame_info                             /usr/bin/../lib/gcc/arm-none-eabi/4.9.3/armv7-m/crtbegin.o
__stack                                           /usr/bin/../lib/gcc/arm-none-eabi/4.9.3/../../../../arm-none-eabi/lib/armv7-m/crt0.o
_ebss                                             GCC-ARM/Output/startup_stm32f10x_md.o
_edata                                            GCC-ARM/Output/startup_stm32f10x_md.o
_estack                                           GCC-ARM/Output/startup_stm32f10x_md.o
_exit                                             /usr/bin/../lib/gcc/arm-none-eabi/4.9.3/../../../../arm-none-eabi/lib/armv7-m/librdimon.a(rdimon-_exit.o)
                                                  /usr/bin/../lib/gcc/arm-none-eabi/4.9.3/../../../../arm-none-eabi/lib/armv7-m/libc.a(lib_a-exit.o)
_fini                                             /usr/bin/../lib/gcc/arm-none-eabi/4.9.3/armv7-m/crti.o
                                                  /usr/bin/../lib/gcc/arm-none-eabi/4.9.3/../../../../arm-none-eabi/lib/armv7-m/libc.a(lib_a-fini.o)
_global_impure_ptr                                /usr/bin/../lib/gcc/arm-none-eabi/4.9.3/../../../../arm-none-eabi/lib/armv7-m/libc.a(lib_a-impure.o)
                                                  /usr/bin/../lib/gcc/arm-none-eabi/4.9.3/../../../../arm-none-eabi/lib/armv7-m/libc.a(lib_a-__atexit.o)
                                                  /usr/bin/../lib/gcc/arm-none-eabi/4.9.3/../../../../arm-none-eabi/lib/armv7-m/libc.a(lib_a-__call_atexit.o)
                                                  /usr/bin/../lib/gcc/arm-none-eabi/4.9.3/../../../../arm-none-eabi/lib/armv7-m/libc.a(lib_a-exit.o)
_impure_ptr                                       /usr/bin/../lib/gcc/arm-none-eabi/4.9.3/../../../../arm-none-eabi/lib/armv7-m/libc.a(lib_a-impure.o)
_init                                             /usr/bin/../lib/gcc/arm-none-eabi/4.9.3/armv7-m/crti.o
                                                  /usr/bin/../lib/gcc/arm-none-eabi/4.9.3/../../../../arm-none-eabi/lib/armv7-m/libc.a(lib_a-init.o)
_kill                                             /usr/bin/../lib/gcc/arm-none-eabi/4.9.3/../../../../arm-none-eabi/lib/armv7-m/librdimon.a(rdimon-_kill.o)
                                                  /usr/bin/../lib/gcc/arm-none-eabi/4.9.3/../../../../arm-none-eabi/lib/armv7-m/librdimon.a(rdimon-_exit.o)
_mainCRTStartup                                   /usr/bin/../lib/gcc/arm-none-eabi/4.9.3/../../../../arm-none-eabi/lib/armv7-m/crt0.o
_read                                             GCC-ARM/Output/log.o
_sbss                                             GCC-ARM/Output/startup_stm32f10x_md.o
_sdata                                            GCC-ARM/Output/startup_stm32f10x_md.o
_sidata                                           GCC-ARM/Output/startup_stm32f10x_md.o
_start                                            /usr/bin/../lib/gcc/arm-none-eabi/4.9.3/../../../../arm-none-eabi/lib/armv7-m/crt0.o
_write                                            GCC-ARM/Output/log.o
assert_failed                                     GCC-ARM/Output/main.o
                                                  GCC-ARM/Output/misc.o
                                                  GCC-ARM/Output/stm32f10x_rcc.o
                                                  GCC-ARM/Output/stm32f10x_usart.o
                                                  GCC-ARM/Output/stm32f10x_gpio.o
atexit                                            /usr/bin/../lib/gcc/arm-none-eabi/4.9.3/../../../../arm-none-eabi/lib/armv7-m/libc.a(lib_a-atexit.o)
                                                  /usr/bin/../lib/gcc/arm-none-eabi/4.9.3/../../../../arm-none-eabi/lib/armv7-m/libc.a(lib_a-__call_atexit.o)
                                                  /usr/bin/../lib/gcc/arm-none-eabi/4.9.3/../../../../arm-none-eabi/lib/armv7-m/crt0.o
data                                              GCC-ARM/Output/main.o
exit                                              /usr/bin/../lib/gcc/arm-none-eabi/4.9.3/../../../../arm-none-eabi/lib/armv7-m/libc.a(lib_a-exit.o)
                                                  /usr/bin/../lib/gcc/arm-none-eabi/4.9.3/../../../../arm-none-eabi/lib/armv7-m/crt0.o
free                                              /usr/bin/../lib/gcc/arm-none-eabi/4.9.3/../../../../arm-none-eabi/lib/armv7-m/libc.a(lib_a-__call_atexit.o)
g_pfnVectors                                      GCC-ARM/Output/startup_stm32f10x_md.o
hal_com_deinit                                    GCC-ARM/Output/hal_com.o
hal_com_disable_irq                               GCC-ARM/Output/hal_com.o
hal_com_enable_irq                                GCC-ARM/Output/hal_com.o
hal_com_init                                      GCC-ARM/Output/hal_com.o
                                                  GCC-ARM/Output/log.o
hal_com_readbyte                                  GCC-ARM/Output/hal_com.o
                                                  GCC-ARM/Output/log.o
hal_com_sendbyte                                  GCC-ARM/Output/hal_com.o
                                                  GCC-ARM/Output/log.o
hardware_init_hook                                /usr/bin/../lib/gcc/arm-none-eabi/4.9.3/../../../../arm-none-eabi/lib/armv7-m/crt0.o
log_init                                          GCC-ARM/Output/log.o
main                                              GCC-ARM/Output/main.o
                                                  GCC-ARM/Output/startup_stm32f10x_md.o
                                                  /usr/bin/../lib/gcc/arm-none-eabi/4.9.3/../../../../arm-none-eabi/lib/armv7-m/crt0.o
malloc                                            /usr/bin/../lib/gcc/arm-none-eabi/4.9.3/../../../../arm-none-eabi/lib/armv7-m/libc.a(lib_a-__atexit.o)
memset                                            /usr/bin/../lib/gcc/arm-none-eabi/4.9.3/../../../../arm-none-eabi/lib/armv7-m/libc.a(lib_a-memset.o)
                                                  /usr/bin/../lib/gcc/arm-none-eabi/4.9.3/../../../../arm-none-eabi/lib/armv7-m/crt0.o
software_init_hook                                /usr/bin/../lib/gcc/arm-none-eabi/4.9.3/../../../../arm-none-eabi/lib/armv7-m/crt0.o
usart_callback                                    GCC-ARM/Output/main.o
