Product: MDK-ARM Professional 5.10
Component: ARM Compiler 5.04 update 1 (build 49)
Tool: armlink [5040049]

==============================================================================

Section Cross References

    main.o(.text) refers to printfb.o(i.__0printf$bare) for __2printf
    main.o(.text) refers to hal_dio.o(.text) for hal_dio_init
    main.o(.text) refers to switch.o(.text) for switch_init
    main.o(.text) refers to stm32f10x_bkp.o(.text) for BKP_WriteBackupRegister
    main.o(.text) refers to stm32f10x_rcc.o(.text) for RCC_APB1PeriphClockCmd
    main.o(.text) refers to stm32f10x_pwr.o(.text) for PWR_BackupAccessCmd
    main.o(.text) refers to stm32f10x_flash.o(.text) for FLASH_Unlock
    main.o(.text) refers to timer.o(.text) for counter_StartTimer
    main.o(.text) refers to led_7segs.o(.text) for Init_Led7Seg
    main.o(.text) refers to main.o(.constdata) for data_table
    main.o(.text) refers to main.o(.data) for manager
    main.o(.text) refers to main.o(.bss) for l_switch_1
    main.o(.text) refers to stm32f10x_tim.o(.text) for TIM_GetITStatus
    main.o(.constdata) refers to main.o(.bss) for l_switch_1
    main.o(.constdata) refers to main.o(.data) for led_switch_1
    log.o(.text) refers to hal_com.o(.text) for hal_com_sendbyte
    log.o(.text) refers to strcmp.o(.text) for strcmp
    log.o(.text) refers to log.o(.data) for com_dbg
    log.o(.text) refers to log.o(.bss) for log_com_buffer
    log.o(.data) refers to log.o(.text) for com_irq_handler
    timer.o(.text) refers to timer.o(.data) for Counter100uS
    timer.o(.text) refers to system_stm32f10x.o(.data) for SystemCoreClock
    counter.o(.text) refers to hal_com.o(.text) for hal_com_init
    counter.o(.text) refers to counter.o(.data) for com_counter
    counter.o(.text) refers to counter.o(.bss) for com_buffer
    counter.o(.data) refers to counter.o(.text) for counter_com_irq_handler
    rtc.o(.text) refers to stm32f10x_rtc.o(.text) for RTC_GetCounter
    rtc.o(.text) refers to localtime_w.o(.text) for localtime
    rtc.o(.text) refers to mktime.o(.text) for mktime
    rtc.o(.text) refers to stm32f10x_rcc.o(.text) for RCC_APB1PeriphClockCmd
    rtc.o(.text) refers to stm32f10x_pwr.o(.text) for PWR_BackupAccessCmd
    rtc.o(.text) refers to stm32f10x_bkp.o(.text) for BKP_DeInit
    rtc.o(.text) refers to misc.o(.text) for NVIC_Init
    rtc.o(.text) refers to rtc.o(.bss) for sys_date
    rtc.o(.text) refers to rtc.o(.data) for sys_nextday
    switch.o(.text) refers to stm32f10x_rcc.o(.text) for RCC_APB1PeriphClockCmd
    switch.o(.text) refers to misc.o(.text) for NVIC_Init
    switch.o(.text) refers to stm32f10x_tim.o(.text) for TIM_TimeBaseInit
    switch.o(.text) refers to stm32f10x_gpio.o(.text) for GPIO_Init
    switch.o(.text) refers to stm32f10x_exti.o(.text) for EXTI_Init
    switch.o(.text) refers to switch.o(.bss) for callback_list
    switch.o(.text) refers to switch.o(.constdata) for switch_list
    switch.o(.text) refers to switch.o(.data) for GPIO_InitStructure
    led_7segs.o(.text) refers to stm32f10x_gpio.o(.text) for GPIO_SetBits
    led_7segs.o(.text) refers to stm32f10x_rcc.o(.text) for RCC_APB2PeriphClockCmd
    led_7segs.o(.text) refers to led_7segs.o(.constdata) for value_to_led7seg_table
    fattime.o(.text) refers to stm32f10x_rtc.o(.text) for RTC_GetCounter
    fattime.o(.text) refers to localtime_w.o(.text) for localtime
    ff.o(.text) refers to sd_spi_stm32.o(.text) for disk_write
    ff.o(.text) refers to ccsbcs.o(.text) for ff_wtoupper
    ff.o(.text) refers to ff.o(.constdata) for LfnOfs
    ff.o(.text) refers to fattime.o(.text) for get_fattime
    ff.o(.text) refers to ff.o(.data) for FatFs
    ff.o(.text) refers to ff.o(.bss) for LfnBuf
    sd_spi_stm32.o(.text) refers to stm32f10x_rcc.o(.text) for RCC_APB2PeriphClockCmd
    sd_spi_stm32.o(.text) refers to stm32f10x_gpio.o(.text) for GPIO_Init
    sd_spi_stm32.o(.text) refers to stm32f10x_spi.o(.text) for SPI_I2S_SendData
    sd_spi_stm32.o(.text) refers to sd_spi_stm32.o(.data) for Timer2
    ccsbcs.o(.text) refers to ccsbcs.o(.constdata) for Tbl
    hal_com.o(.text) refers to stm32f10x_rcc.o(.text) for RCC_APB2PeriphClockCmd
    hal_com.o(.text) refers to stm32f10x_gpio.o(.text) for GPIO_Init
    hal_com.o(.text) refers to stm32f10x_usart.o(.text) for USART_Init
    hal_com.o(.text) refers to misc.o(.text) for NVIC_PriorityGroupConfig
    hal_com.o(.text) refers to hal_com.o(.constdata) for hw_config
    hal_com.o(.text) refers to hal_com.o(.bss) for DataReceivedHandler
    hal_dio.o(.text) refers to stm32f10x_rcc.o(.text) for RCC_APB2PeriphClockCmd
    hal_dio.o(.text) refers to stm32f10x_gpio.o(.text) for GPIO_Init
    hal_dio.o(.text) refers to hal_dio.o(.constdata) for DIO_cfg
    misc.o(.text) refers to main.o(.text) for assert_failed
    stm32f10x_adc.o(.text) refers to main.o(.text) for assert_failed
[...]
    printf1.o(i.__0vfprintf$1) refers to log.o(.text) for fputc
    printf1.o(i.__0vprintf$1) refers to printf1.o(i._printf_core) for _printf_core
    printf1.o(i.__0vprintf$1) refers to log.o(.text) for fputc
    printf1.o(i.__0vprintf$1) refers to log.o(.data) for __stdout
    printf1.o(i.__0vsnprintf$1) refers to printf1.o(i._printf_core) for _printf_core
    printf1.o(i.__0vsnprintf$1) refers to printf1.o(i._snputc) for _snputc
    printf1.o(i.__0vsprintf$1) refers to printf1.o(i._printf_core) for _printf_core
    printf1.o(i.__0vsprintf$1) refers to printf1.o(i._sputc) for _sputc
    printf1.o(i._printf_core) refers to uidiv.o(.text) for __aeabi_uidivmod
    printf2.o(i.__0fprintf$2) refers to printf2.o(i._printf_core) for _printf_core
    printf2.o(i.__0fprintf$2) refers to log.o(.text) for fputc
    printf2.o(i.__0printf$2) refers to printf2.o(i._printf_core) for _printf_core
    printf2.o(i.__0printf$2) refers to log.o(.text) for fputc
    printf2.o(i.__0printf$2) refers to log.o(.data) for __stdout
    printf2.o(i.__0snprintf$2) refers to printf2.o(i._printf_core) for _printf_core
    printf2.o(i.__0snprintf$2) refers to printf2.o(i._snputc) for _snputc
    printf2.o(i.__0sprintf$2) refers to printf2.o(i._printf_core) for _printf_core
    printf2.o(i.__0sprintf$2) refers to printf2.o(i._sputc) for _sputc
    printf2.o(i.__0vfprintf$2) refers to printf2.o(i._printf_core) for _printf_core
    printf2.o(i.__0vfprintf$2) refers to log.o(.text) for fputc
    printf2.o(i.__0vprintf$2) refers to printf2.o(i._printf_core) for _printf_core
    printf2.o(i.__0vprintf$2) refers to log.o(.text) for fputc
    printf2.o(i.__0vprintf$2) refers to log.o(.data) for __stdout
    printf2.o(i.__0vsnprintf$2) refers to printf2.o(i._printf_core) for _printf_core
    printf2.o(i.__0vsnprintf$2) refers to printf2.o(i._snputc) for _snputc
    printf2.o(i.__0vsprintf$2) refers to printf2.o(i._printf_core) for _printf_core
    printf2.o(i.__0vsprintf$2) refers to printf2.o(i._sputc) for _sputc
    printf3.o(i.__0fprintf$3) refers to printf3.o(i._printf_core) for _printf_core
    printf3.o(i.__0fprintf$3) refers to log.o(.text) for fputc
    printf3.o(i.__0printf$3) refers to printf3.o(i._printf_core) for _printf_core
    printf3.o(i.__0printf$3) refers to log.o(.text) for fputc
    printf3.o(i.__0printf$3) refers to log.o(.data) for __stdout
    printf3.o(i.__0snprintf$3) refers to printf3.o(i._printf_core) for _printf_core
    printf3.o(i.__0snprintf$3) refers to printf3.o(i._snputc) for _snputc
    printf3.o(i.__0sprintf$3) refers to printf3.o(i._printf_core) for _printf_core
    printf3.o(i.__0sprintf$3) refers to printf3.o(i._sputc) for _sputc
    printf3.o(i.__0vfprintf$3) refers to printf3.o(i._printf_core) for _printf_core
    printf3.o(i.__0vfprintf$3) refers to log.o(.text) for fputc
    printf3.o(i.__0vprintf$3) refers to printf3.o(i._printf_core) for _printf_core
    printf3.o(i.__0vprintf$3) refers to log.o(.text) for fputc
    printf3.o(i.__0vprintf$3) refers to log.o(.data) for __stdout
    printf3.o(i.__0vsnprintf$3) refers to printf3.o(i._printf_core) for _printf_core
    printf3.o(i.__0vsnprintf$3) refers to printf3.o(i._snputc) for _snputc
    printf3.o(i.__0vsprintf$3) refers to printf3.o(i._printf_core) for _printf_core
    printf3.o(i.__0vsprintf$3) refers to printf3.o(i._sputc) for _sputc
    printf3.o(i._printf_core) refers to uidiv.o(.text) for __aeabi_uidivmod
    printf4.o(i.__0fprintf$4) refers to printf4.o(i._printf_core) for _printf_core
    printf4.o(i.__0fprintf$4) refers to log.o(.text) for fputc
    printf4.o(i.__0printf$4) refers to printf4.o(i._printf_core) for _printf_core
    printf4.o(i.__0printf$4) refers to log.o(.text) for fputc
    printf4.o(i.__0printf$4) refers to log.o(.data) for __stdout
    printf4.o(i.__0snprintf$4) refers to printf4.o(i._printf_core) for _printf_core
    printf4.o(i.__0snprintf$4) refers to printf4.o(i._snputc) for _snputc
    printf4.o(i.__0sprintf$4) refers to printf4.o(i._printf_core) for _printf_core
    printf4.o(i.__0sprintf$4) refers to printf4.o(i._sputc) for _sputc
    printf4.o(i.__0vfprintf$4) refers to printf4.o(i._printf_core) for _printf_core
    printf4.o(i.__0vfprintf$4) refers to log.o(.text) for fputc
    printf4.o(i.__0vprintf$4) refers to printf4.o(i._printf_core) for _printf_core
    printf4.o(i.__0vprintf$4) refers to log.o(.text) for fputc
    printf4.o(i.__0vprintf$4) refers to log.o(.data) for __stdout
    printf4.o(i.__0vsnprintf$4) refers to printf4.o(i._printf_core) for _printf_core
    printf4.o(i.__0vsnprintf$4) refers to printf4.o(i._snputc) for _snputc
    printf4.o(i.__0vsprintf$4) refers to printf4.o(i._printf_core) for _printf_core
    printf4.o(i.__0vsprintf$4) refers to printf4.o(i._sputc) for _sputc
    printf4.o(i._printf_core) refers to uldiv.o(.text) for __aeabi_uldivmod
    printf5.o(i.__0fprintf$5) refers to printf5.o(i._printf_core) for _printf_core
    printf5.o(i.__0fprintf$5) refers to log.o(.text) for fputc
    printf5.o(i.__0printf$5) refers to printf5.o(i._printf_core) for _printf_core
    printf5.o(i.__0printf$5) refers to log.o(.text) for fputc
    printf5.o(i.__0printf$5) refers to log.o(.data) for __stdout
    printf5.o(i.__0snprintf$5) refers to printf5.o(i._printf_core) for _printf_core
    printf5.o(i.__0snprintf$5) refers to printf5.o(i._snputc) for _snputc
    printf5.o(i.__0sprintf$5) refers to printf5.o(i._printf_core) for _printf_core
    printf5.o(i.__0sprintf$5) refers to printf5.o(i._sputc) for _sputc
    printf5.o(i.__0vfprintf$5) refers to printf5.o(i._printf_core) for _printf_core
    printf5.o(i.__0vfprintf$5) refers to log.o(.text) for fputc
    printf5.o(i.__0vprintf$5) refers to printf5.o(i._printf_core) for _printf_core
    printf5.o(i.__0vprintf$5) refers to log.o(.text) for fputc
    printf5.o(i.__0vprintf$5) refers to log.o(.data) for __stdout
    printf5.o(i.__0vsnprintf$5) refers to printf5.o(i._printf_core) for _printf_core
    printf5.o(i.__0vsnprintf$5) refers to printf5.o(i._snputc) for _snputc
    printf5.o(i.__0vsprintf$5) refers to printf5.o(i._printf_core) for _printf_core
    printf5.o(i.__0vsprintf$5) refers to printf5.o(i._sputc) for _sputc
    printf5.o(i._printf_core) refers to uldiv.o(.text) for __aeabi_uldivmod
    printf6.o(i.__0fprintf$6) refers to printf6.o(i._printf_core) for _printf_core
    printf6.o(i.__0fprintf$6) refers to log.o(.text) for fputc
    printf6.o(i.__0printf$6) refers to printf6.o(i._printf_core) for _printf_core
    printf6.o(i.__0printf$6) refers to log.o(.text) for fputc
    printf6.o(i.__0printf$6) refers to log.o(.data) for __stdout
    printf6.o(i.__0snprintf$6) refers to printf6.o(i._printf_core) for _printf_core
    printf6.o(i.__0snprintf$6) refers to printf6.o(i._snputc) for _snputc
    printf6.o(i.__0sprintf$6) refers to printf6.o(i._printf_core) for _printf_core
    printf6.o(i.__0sprintf$6) refers to printf6.o(i._sputc) for _sputc
    printf6.o(i.__0vfprintf$6) refers to printf6.o(i._printf_core) for _printf_core
    printf6.o(i.__0vfprintf$6) refers to log.o(.text) for fputc
    printf6.o(i.__0vprintf$6) refers to printf6.o(i._printf_core) for _printf_core
    printf6.o(i.__0vprintf$6) refers to log.o(.text) for fputc
    printf6.o(i.__0vprintf$6) refers to log.o(.data) for __stdout
    printf6.o(i.__0vsnprintf$6) refers to printf6.o(i._printf_core) for _printf_core
    printf6.o(i.__0vsnprintf$6) refers to printf6.o(i._snputc) for _snputc
    printf6.o(i.__0vsprintf$6) refers to printf6.o(i._printf_core) for _printf_core
    printf6.o(i.__0vsprintf$6) refers to printf6.o(i._sputc) for _sputc
    printf6.o(i._printf_core) refers to printf6.o(i._printf_pre_padding) for _printf_pre_padding
    printf6.o(i._printf_core) refers to uidiv.o(.text) for __aeabi_uidivmod
    printf6.o(i._printf_core) refers to printf6.o(i._printf_post_padding) for _printf_post_padding
    printf7.o(i.__0fprintf$7) refers to printf7.o(i._printf_core) for _printf_core
    printf7.o(i.__0fprintf$7) refers to log.o(.text) for fputc
    printf7.o(i.__0printf$7) refers to printf7.o(i._printf_core) for _printf_core
    printf7.o(i.__0printf$7) refers to log.o(.text) for fputc
    printf7.o(i.__0printf$7) refers to log.o(.data) for __stdout
    printf7.o(i.__0snprintf$7) refers to printf7.o(i._printf_core) for _printf_core
    printf7.o(i.__0snprintf$7) refers to printf7.o(i._snputc) for _snputc
    printf7.o(i.__0sprintf$7) refers to printf7.o(i._printf_core) for _printf_core
    printf7.o(i.__0sprintf$7) refers to printf7.o(i._sputc) for _sputc
    printf7.o(i.__0vfprintf$7) refers to printf7.o(i._printf_core) for _printf_core
    printf7.o(i.__0vfprintf$7) refers to log.o(.text) for fputc
    printf7.o(i.__0vprintf$7) refers to printf7.o(i._printf_core) for _printf_core
    printf7.o(i.__0vprintf$7) refers to log.o(.text) for fputc
    printf7.o(i.__0vprintf$7) refers to log.o(.data) for __stdout
    printf7.o(i.__0vsnprintf$7) refers to printf7.o(i._printf_core) for _printf_core
    printf7.o(i.__0vsnprintf$7) refers to printf7.o(i._snputc) for _snputc
    printf7.o(i.__0vsprintf$7) refers to printf7.o(i._printf_core) for _printf_core
    printf7.o(i.__0vsprintf$7) refers to printf7.o(i._sputc) for _sputc
    printf7.o(i._printf_core) refers to printf7.o(i._printf_pre_padding) for _printf_pre_padding
    printf7.o(i._printf_core) refers to uldiv.o(.text) for __aeabi_uldivmod
    printf7.o(i._printf_core) refers to printf7.o(i._printf_post_padding) for _printf_post_padding
    printf8.o(i.__0fprintf$8) refers to printf8.o(i._printf_core) for _printf_core
    printf8.o(i.__0fprintf$8) refers to log.o(.text) for fputc
    printf8.o(i.__0printf$8) refers to printf8.o(i._printf_core) for _printf_core
    printf8.o(i.__0printf$8) refers to log.o(.text) for fputc
    printf8.o(i.__0printf$8) refers to log.o(.data) for __stdout
    printf8.o(i.__0snprintf$8) refers to printf8.o(i._printf_core) for _printf_core
    printf8.o(i.__0snprintf$8) refers to printf8.o(i._snputc) for _snputc
    printf8.o(i.__0sprintf$8) refers to printf8.o(i._printf_core) for _printf_core
    printf8.o(i.__0sprintf$8) refers to printf8.o(i._sputc) for _sputc
    printf8.o(i.__0vfprintf$8) refers to printf8.o(i._printf_core) for _printf_core
    printf8.o(i.__0vfprintf$8) refers to log.o(.text) for fputc
    printf8.o(i.__0vprintf$8) refers to printf8.o(i._printf_core) for _printf_core
    printf8.o(i.__0vprintf$8) refers to log.o(.text) for fputc
    printf8.o(i.__0vprintf$8) refers to log.o(.data) for __stdout
    printf8.o(i.__0vsnprintf$8) refers to printf8.o(i._printf_core) for _printf_core
    printf8.o(i.__0vsnprintf$8) refers to printf8.o(i._snputc) for _snputc
    printf8.o(i.__0vsprintf$8) refers to printf8.o(i._printf_core) for _printf_core
    printf8.o(i.__0vsprintf$8) refers to printf8.o(i._sputc) for _sputc
    printf8.o(i._printf_core) refers to printf8.o(i._printf_pre_padding) for _printf_pre_padding
    printf8.o(i._printf_core) refers to uldiv.o(.text) for __aeabi_uldivmod
    printf8.o(i._printf_core) refers to printf8.o(i._printf_post_padding) for _printf_post_padding
    printfa.o(i.__0fprintf) refers (Special) to iusefp.o(.text) for __I$use$fp
    printfa.o(i.__0fprintf) refers to printfa.o(i._printf_core) for _printf_core
    printfa.o(i.__0fprintf) refers to log.o(.text) for fputc
    printfa.o(i.__0printf) refers (Special) to iusefp.o(.text) for __I$use$fp
    printfa.o(i.__0printf) refers to printfa.o(i._printf_core) for _printf_core
    printfa.o(i.__0printf) refers to log.o(.text) for fputc
    printfa.o(i.__0printf) refers to log.o(.data) for __stdout
    printfa.o(i.__0snprintf) refers (Special) to iusefp.o(.text) for __I$use$fp
    printfa.o(i.__0snprintf) refers to printfa.o(i._printf_core) for _printf_core
    printfa.o(i.__0snprintf) refers to printfa.o(i._snputc) for _snputc
    printfa.o(i.__0sprintf) refers (Special) to iusefp.o(.text) for __I$use$fp
    printfa.o(i.__0sprintf) refers to printfa.o(i._printf_core) for _printf_core
    printfa.o(i.__0sprintf) refers to printfa.o(i._sputc) for _sputc
    printfa.o(i.__0vfprintf) refers (Special) to iusefp.o(.text) for __I$use$fp
    printfa.o(i.__0vfprintf) refers to printfa.o(i._printf_core) for _printf_core
    printfa.o(i.__0vfprintf) refers to log.o(.text) for fputc
    printfa.o(i.__0vprintf) refers (Special) to iusefp.o(.text) for __I$use$fp
    printfa.o(i.__0vprintf) refers to printfa.o(i._printf_core) for _printf_core
    printfa.o(i.__0vprintf) refers to log.o(.text) for fputc
    printfa.o(i.__0vprintf) refers to log.o(.data) for __stdout
    printfa.o(i.__0vsnprintf) refers (Special) to iusefp.o(.text) for __I$use$fp
    printfa.o(i.__0vsnprintf) refers to printfa.o(i._printf_core) for _printf_core
    printfa.o(i.__0vsnprintf) refers to printfa.o(i._snputc) for _snputc
    printfa.o(i.__0vsprintf) refers (Special) to iusefp.o(.text) for __I$use$fp
    printfa.o(i.__0vsprintf) refers to printfa.o(i._printf_core) for _printf_core
    printfa.o(i.__0vsprintf) refers to printfa.o(i._sputc) for _sputc
    printfa.o(i._fp_digits) refers (Special) to iusefp.o(.text) for __I$use$fp
    printfa.o(i._fp_digits) refers to dmul.o(.text) for __aeabi_dmul
    printfa.o(i._fp_digits) refers to ddiv.o(.text) for __aeabi_ddiv
    printfa.o(i._fp_digits) refers to cdrcmple.o(.text) for __aeabi_cdrcmple
    printfa.o(i._fp_digits) refers to dadd.o(.text) for __aeabi_dadd
    printfa.o(i._fp_digits) refers to dfixul.o(.text) for __aeabi_d2ulz
    printfa.o(i._fp_digits) refers to uldiv.o(.text) for __aeabi_uldivmod
    printfa.o(i._printf_core) refers (Special) to iusefp.o(.text) for __I$use$fp
    printfa.o(i._printf_core) refers to printfa.o(i._printf_pre_padding) for _printf_pre_padding
    printfa.o(i._printf_core) refers to uldiv.o(.text) for __aeabi_uldivmod
    printfa.o(i._printf_core) refers to printfa.o(i._printf_post_padding) for _printf_post_padding
    printfa.o(i._printf_core) refers to printfa.o(i._fp_digits) for _fp_digits
    printfa.o(i._printf_core) refers to uidiv.o(.text) for __aeabi_uidivmod
    printfa.o(i._printf_post_padding) refers (Special) to iusefp.o(.text) for __I$use$fp
    printfa.o(i._printf_pre_padding) refers (Special) to iusefp.o(.text) for __I$use$fp
    printfa.o(i._snputc) refers (Special) to iusefp.o(.text) for __I$use$fp
    printfa.o(i._sputc) refers (Special) to iusefp.o(.text) for __I$use$fp
    entry2.o(.ARM.Collect$$$$00000001) refers to entry2.o(.ARM.Collect$$$$00002712) for __lit__00000000
    entry2.o(.ARM.Collect$$$$00002712) refers to startup_stm32f10x_md.o(STACK) for __initial_sp
    entry2.o(__vectab_stack_and_reset_area) refers to startup_stm32f10x_md.o(STACK) for __initial_sp
    entry2.o(__vectab_stack_and_reset_area) refers to entry.o(.ARM.Collect$$$$00000000) for __main
    entry5.o(.ARM.Collect$$$$00000004) refers to init.o(.text) for __scatterload
    entry9a.o(.ARM.Collect$$$$0000000B) refers to main.o(.text) for main
    entry9b.o(.ARM.Collect$$$$0000000C) refers to main.o(.text) for main
    uldiv.o(.text) refers to llushr.o(.text) for __aeabi_llsr
    uldiv.o(.text) refers to llshl.o(.text) for __aeabi_llsl
    localtime_w.o(.text) refers to localtime_i.o(.text) for _localtime
    localtime_w.o(.text) refers to localtime_w.o(.bss) for .bss
    localtime_i.o(.text) refers to localtime_i.o(.constdata) for .constdata
    dadd.o(.text) refers to llshl.o(.text) for __aeabi_llsl
    dadd.o(.text) refers to llsshr.o(.text) for __aeabi_lasr
    dadd.o(.text) refers to depilogue.o(.text) for _double_epilogue
    dmul.o(.text) refers to depilogue.o(.text) for _double_epilogue
    ddiv.o(.text) refers to depilogue.o(.text) for _double_round
    dfixul.o(.text) refers to llushr.o(.text) for __aeabi_llsr
    dfixul.o(.text) refers to llshl.o(.text) for __aeabi_llsl
    init.o(.text) refers to entry5.o(.ARM.Collect$$$$00000004) for __main_after_scatterload
    depilogue.o(.text) refers to llshl.o(.text) for __aeabi_llsl
    depilogue.o(.text) refers to llushr.o(.text) for __aeabi_llsr


==============================================================================

Removing Unused input sections from the image.

    Removing counter.o(.text), (148 bytes).
    Removing counter.o(.bss), (14 bytes).
    Removing counter.o(.data), (24 bytes).
    Removing fattime.o(.text), (62 bytes).
    Removing ff.o(.text), (11198 bytes).
    Removing ff.o(.bss), (512 bytes).
    Removing ff.o(.constdata), (210 bytes).
    Removing ff.o(.data), (6 bytes).
    Removing sd_spi_stm32.o(.text), (2288 bytes).
    Removing sd_spi_stm32.o(.data), (20 bytes).
    Removing ccsbcs.o(.text), (128 bytes).
    Removing ccsbcs.o(.constdata), (1216 bytes).
    Removing stm32f10x_adc.o(.text), (3780 bytes).
    Removing stm32f10x_can.o(.text), (4388 bytes).
    Removing stm32f10x_cec.o(.text), (672 bytes).
    Removing stm32f10x_crc.o(.text), (72 bytes).
    Removing stm32f10x_dac.o(.text), (1140 bytes).
    Removing stm32f10x_dbgmcu.o(.text), (140 bytes).
    Removing stm32f10x_dma.o(.text), (2356 bytes).
    Removing stm32f10x_fsmc.o(.text), (3480 bytes).
    Removing stm32f10x_i2c.o(.text), (3228 bytes).
    Removing stm32f10x_iwdg.o(.text), (212 bytes).
    Removing stm32f10x_sdio.o(.text), (1600 bytes).
    Removing stm32f10x_spi.o(.text), (2428 bytes).
    Removing stm32f10x_wwdg.o(.text), (272 bytes).
    Removing startup_stm32f10x_md.o(HEAP), (512 bytes).
    Removing dadd.o(.text), (334 bytes).
    Removing dmul.o(.text), (228 bytes).
    Removing ddiv.o(.text), (222 bytes).
    Removing dfixul.o(.text), (48 bytes).
    Removing cdrcmple.o(.text), (40 bytes).
    Removing depilogue.o(.text), (182 bytes).

32 unused section(s) (total 41160 bytes) removed from the image.

==============================================================================

Image Symbol Table

    Local Symbols

    Symbol Name                              Value     Ov Type        Size  Object(Section)

    ../clib/microlib/division.c              0x00000000   Number         0  uidiv.o ABSOLUTE
    ../clib/microlib/division.c              0x00000000   Number         0  uldiv.o ABSOLUTE
    ../clib/microlib/init/entry.s            0x00000000   Number         0  entry5.o ABSOLUTE
    ../clib/microlib/init/entry.s            0x00000000   Number         0  entry9a.o ABSOLUTE
    ../clib/microlib/init/entry.s            0x00000000   Number         0  entry.o ABSOLUTE
    ../clib/microlib/init/entry.s            0x00000000   Number         0  entry10a.o ABSOLUTE
    ../clib/microlib/init/entry.s            0x00000000   Number         0  entry9b.o ABSOLUTE
    ../clib/microlib/init/entry.s            0x00000000   Number         0  entry10b.o ABSOLUTE
    ../clib/microlib/init/entry.s            0x00000000   Number         0  entry11a.o ABSOLUTE
    ../clib/microlib/init/entry.s            0x00000000   Number         0  entry8b.o ABSOLUTE
    ../clib/microlib/init/entry.s            0x00000000   Number         0  entry8a.o ABSOLUTE
    ../clib/microlib/init/entry.s            0x00000000   Number         0  entry7b.o ABSOLUTE
    ../clib/microlib/init/entry.s            0x00000000   Number         0  entry7a.o ABSOLUTE
    ../clib/microlib/init/entry.s            0x00000000   Number         0  entry11b.o ABSOLUTE
    ../clib/microlib/init/entry.s            0x00000000   Number         0  entry2.o ABSOLUTE
    ../clib/microlib/longlong.c              0x00000000   Number         0  llsshr.o ABSOLUTE
    ../clib/microlib/longlong.c              0x00000000   Number         0  llushr.o ABSOLUTE
    ../clib/microlib/longlong.c              0x00000000   Number         0  llshl.o ABSOLUTE
    ../clib/microlib/printf/printf.c         0x00000000   Number         0  printf1.o ABSOLUTE
    ../clib/microlib/printf/printf.c         0x00000000   Number         0  printf5.o ABSOLUTE
    ../clib/microlib/printf/printf.c         0x00000000   Number         0  printfb.o ABSOLUTE
    ../clib/microlib/printf/printf.c         0x00000000   Number         0  printf0.o ABSOLUTE
    ../clib/microlib/printf/printf.c         0x00000000   Number         0  printfa.o ABSOLUTE
    ../clib/microlib/printf/printf.c         0x00000000   Number         0  printf8.o ABSOLUTE
    ../clib/microlib/printf/printf.c         0x00000000   Number         0  printf7.o ABSOLUTE
    ../clib/microlib/printf/printf.c         0x00000000   Number         0  printf6.o ABSOLUTE
    ../clib/microlib/printf/printf.c         0x00000000   Number         0  printf4.o ABSOLUTE
    ../clib/microlib/printf/printf.c         0x00000000   Number         0  printf3.o ABSOLUTE
    ../clib/microlib/printf/printf.c         0x00000000   Number         0  printf2.o ABSOLUTE
    ../clib/microlib/string/strcmp.c         0x00000000   Number         0  strcmp.o ABSOLUTE
    ../clib/microlib/stubs.s                 0x00000000   Number         0  iusefp.o ABSOLUTE
    ../clib/microlib/stubs.s                 0x00000000   Number         0  useno.o ABSOLUTE
    ../clib/microlib/time/localtime.c        0x00000000   Number         0  localtime.o ABSOLUTE
    ../clib/microlib/time/localtime.c        0x00000000   Number         0  localtime_i.o ABSOLUTE
    ../clib/microlib/time/localtime.c        0x00000000   Number         0  localtime_w.o ABSOLUTE
    ../clib/microlib/time/mktime.c           0x00000000   Number         0  mktime.o ABSOLUTE
    ../fplib/microlib/fpadd.c                0x00000000   Number         0  dadd.o ABSOLUTE
    ../fplib/microlib/fpdiv.c                0x00000000   Number         0  ddiv.o ABSOLUTE
    ../fplib/microlib/fpepilogue.c           0x00000000   Number         0  depilogue.o ABSOLUTE
    ../fplib/microlib/fpfix.c                0x00000000   Number         0  dfixul.o ABSOLUTE
    ../fplib/microlib/fpmul.c                0x00000000   Number         0  dmul.o ABSOLUTE
    ..\app\main.c                            0x00000000   Number         0  main.o ABSOLUTE
    ..\driver\counter.c                      0x00000000   Number         0  counter.o ABSOLUTE
    ..\driver\led_7segs.c                    0x00000000   Number         0  led_7segs.o ABSOLUTE
    ..\driver\log.c                          0x00000000   Number         0  log.o ABSOLUTE
    ..\driver\rtc.c                          0x00000000   Number         0  rtc.o ABSOLUTE
    ..\driver\switch.c                       0x00000000   Number         0  switch.o ABSOLUTE
    ..\driver\timer.c                        0x00000000   Number         0  timer.o ABSOLUTE
    ..\libs\fatfs\fattime.c                  0x00000000   Number         0  fattime.o ABSOLUTE
    ..\libs\fatfs\ff.c                       0x00000000   Number         0  ff.o ABSOLUTE
    ..\libs\fatfs\option\ccsbcs.c            0x00000000   Number         0  ccsbcs.o ABSOLUTE
    ..\libs\fatfs\sd_spi_stm32.c             0x00000000   Number         0  sd_spi_stm32.o ABSOLUTE
    ..\platform\hal\hal_com.c                0x00000000   Number         0  hal_com.o ABSOLUTE
    ..\platform\hal\hal_dio.c                0x00000000   Number         0  hal_dio.o ABSOLUTE
    ..\platform\stm32f103\src\misc.c         0x00000000   Number         0  misc.o ABSOLUTE
    ..\platform\stm32f103\src\stm32f10x_adc.c 0x00000000   Number         0  stm32f10x_adc.o ABSOLUTE
    ..\platform\stm32f103\src\stm32f10x_bkp.c 0x00000000   Number         0  stm32f10x_bkp.o ABSOLUTE
    ..\platform\stm32f103\src\stm32f10x_can.c 0x00000000   Number         0  stm32f10x_can.o ABSOLUTE
    ..\platform\stm32f103\src\stm32f10x_cec.c 0x00000000   Number         0  stm32f10x_cec.o ABSOLUTE
    ..\platform\stm32f103\src\stm32f10x_crc.c 0x00000000   Number         0  stm32f10x_crc.o ABSOLUTE
    ..\platform\stm32f103\src\stm32f10x_dac.c 0x00000000   Number         0  stm32f10x_dac.o ABSOLUTE
    ..\platform\stm32f103\src\stm32f10x_dbgmcu.c 0x00000000   Number         0  stm32f10x_dbgmcu.o ABSOLUTE
    ..\platform\stm32f103\src\stm32f10x_dma.c 0x00000000   Number         0  stm32f10x_dma.o ABSOLUTE
    ..\platform\stm32f103\src\stm32f10x_exti.c 0x00000000   Number         0  stm32f10x_exti.o ABSOLUTE
    ..\platform\stm32f103\src\stm32f10x_flash.c 0x00000000   Number         0  stm32f10x_flash.o ABSOLUTE
    ..\platform\stm32f103\src\stm32f10x_fsmc.c 0x00000000   Number         0  stm32f10x_fsmc.o ABSOLUTE
    ..\platform\stm32f103\src\stm32f10x_gpio.c 0x00000000   Number         0  stm32f10x_gpio.o ABSOLUTE
    ..\platform\stm32f103\src\stm32f10x_i2c.c 0x00000000   Number         0  stm32f10x_i2c.o ABSOLUTE
    ..\platform\stm32f103\src\stm32f10x_iwdg.c 0x00000000   Number         0  stm32f10x_iwdg.o ABSOLUTE
    ..\platform\stm32f103\src\stm32f10x_pwr.c 0x00000000   Number         0  stm32f10x_pwr.o ABSOLUTE
    ..\platform\stm32f103\src\stm32f10x_rcc.c 0x00000000   Number         0  stm32f10x_rcc.o ABSOLUTE
    ..\platform\stm32f103\src\stm32f10x_rtc.c 0x00000000   Number         0  stm32f10x_rtc.o ABSOLUTE
    ..\platform\stm32f103\src\stm32f10x_sdio.c 0x00000000   Number         0  stm32f10x_sdio.o ABSOLUTE
    ..\platform\stm32f103\src\stm32f10x_spi.c 0x00000000   Number         0  stm32f10x_spi.o ABSOLUTE
    ..\platform\stm32f103\src\stm32f10x_tim.c 0x00000000   Number         0  stm32f10x_tim.o ABSOLUTE
    ..\platform\stm32f103\src\stm32f10x_usart.c 0x00000000   Number         0  stm32f10x_usart.o ABSOLUTE
    ..\platform\stm32f103\src\stm32f10x_wwdg.c 0x00000000   Number         0  stm32f10x_wwdg.o ABSOLUTE
    ..\platform\stm32f103\src\system_stm32f10x.c 0x00000000   Number         0  system_stm32f10x.o ABSOLUTE
    ..\platform\stm32f103\startup\arm\startup_stm32f10x_md.s 0x00000000   Number         0  startup_stm32f10x_md.o ABSOLUTE
    cdrcmple.s                               0x00000000   Number         0  cdrcmple.o ABSOLUTE
    dc.s                                     0x00000000   Number         0  dc.o ABSOLUTE
    handlers.s                               0x00000000   Number         0  handlers.o ABSOLUTE
    init.s                                   0x00000000   Number         0  init.o ABSOLUTE
    RESET                                    0x08000000   Section      236  startup_stm32f10x_md.o(RESET)
    .ARM.Collect$$$$00000000                 0x080000ec   Section        0  entry.o(.ARM.Collect$$$$00000000)
    .ARM.Collect$$$$00000001                 0x080000ec   Section        4  entry2.o(.ARM.Collect$$$$00000001)
    .ARM.Collect$$$$00000004                 0x080000f0   Section        4  entry5.o(.ARM.Collect$$$$00000004)
    .ARM.Collect$$$$00000008                 0x080000f4   Section        0  entry7b.o(.ARM.Collect$$$$00000008)
    .ARM.Collect$$$$0000000A                 0x080000f4   Section        0  entry8b.o(.ARM.Collect$$$$0000000A)
    .ARM.Collect$$$$0000000B                 0x080000f4   Section        8  entry9a.o(.ARM.Collect$$$$0000000B)
    .ARM.Collect$$$$0000000D                 0x080000fc   Section        0  entry10a.o(.ARM.Collect$$$$0000000D)
    .ARM.Collect$$$$0000000F                 0x080000fc   Section        0  entry11a.o(.ARM.Collect$$$$0000000F)
    .ARM.Collect$$$$00002712                 0x080000fc   Section        4  entry2.o(.ARM.Collect$$$$00002712)
    __lit__00000000                          0x080000fc   Data           4  entry2.o(.ARM.Collect$$$$00002712)
    .text                                    0x08000100   Section        0  main.o(.text)
    .text                                    0x0800072c   Section        0  log.o(.text)
    SER_PutChar                              0x0800072d   Thumb Code    20  log.o(.text)
    SER_GetChar                              0x08000741   Thumb Code     4  log.o(.text)
    com_irq_handler                          0x080007ad   Thumb Code   222  log.o(.text)
    .text                                    0x08000904   Section        0  timer.o(.text)
    NVIC_SetPriority                         0x08000905   Thumb Code    32  timer.o(.text)
    PL_DifferenceCounter                     0x0800092b   Thumb Code    20  timer.o(.text)
    .text                                    0x080009f8   Section        0  rtc.o(.text)
    PL_RTC_WaitForLastTask                   0x08000a59   Thumb Code    22  rtc.o(.text)
    PL_RTC_WaitForSynchro                    0x08000ad9   Thumb Code    36  rtc.o(.text)
    PL_ConfigureRTC                          0x08000afd   Thumb Code   170  rtc.o(.text)
    .text                                    0x08000d24   Section        0  switch.o(.text)
    .text                                    0x08000f18   Section        0  led_7segs.o(.text)
    delay_count                              0x08000f19   Thumb Code    20  led_7segs.o(.text)
    castLedValue                             0x08000f2d   Thumb Code   148  led_7segs.o(.text)
    .text                                    0x0800106c   Section        0  hal_com.o(.text)
    hal_com_irq                              0x080012d7   Thumb Code    88  hal_com.o(.text)
    .text                                    0x0800136c   Section        0  hal_dio.o(.text)
    .text                                    0x08001558   Section        0  misc.o(.text)
    .text                                    0x08001730   Section        0  stm32f10x_bkp.o(.text)
    .text                                    0x080019f4   Section        0  stm32f10x_exti.o(.text)
    .text                                    0x08001cc8   Section        0  stm32f10x_flash.o(.text)
    .text                                    0x08002448   Section        0  stm32f10x_gpio.o(.text)
    .text                                    0x08002eb8   Section        0  stm32f10x_pwr.o(.text)
    .text                                    0x0800306c   Section        0  stm32f10x_rcc.o(.text)
    .text                                    0x080038a0   Section        0  stm32f10x_rtc.o(.text)
    .text                                    0x08003ac0   Section        0  stm32f10x_tim.o(.text)
    TI4_Config                               0x08004559   Thumb Code   130  stm32f10x_tim.o(.text)
    TI3_Config                               0x08004641   Thumb Code   122  stm32f10x_tim.o(.text)
    TI2_Config                               0x0800473b   Thumb Code   164  stm32f10x_tim.o(.text)
    TI1_Config                               0x0800487b   Thumb Code   108  stm32f10x_tim.o(.text)
    .text                                    0x08007230   Section        0  stm32f10x_usart.o(.text)
    .text                                    0x08007fe0   Section        0  system_stm32f10x.o(.text)
    SetSysClockTo72                          0x08007fe1   Thumb Code   214  system_stm32f10x.o(.text)
    SetSysClock                              0x080080b7   Thumb Code     8  system_stm32f10x.o(.text)
    .text                                    0x080081c0   Section       36  startup_stm32f10x_md.o(.text)
    .text                                    0x080081e4   Section        0  mktime.o(.text)
    .text                                    0x08008284   Section        0  strcmp.o(.text)
    .text                                    0x080082a0   Section        0  localtime_w.o(.text)
    .text                                    0x080082ac   Section        0  localtime_i.o(.text)
    .text                                    0x0800832c   Section       36  init.o(.text)
    i.__0printf$bare                         0x08008350   Section        0  printfb.o(i.__0printf$bare)
    i.__scatterload_copy                     0x08008360   Section       14  handlers.o(i.__scatterload_copy)
    i.__scatterload_null                     0x0800836e   Section        2  handlers.o(i.__scatterload_null)
    i.__scatterload_zeroinit                 0x08008370   Section       14  handlers.o(i.__scatterload_zeroinit)
    i._printf_core                           0x0800837e   Section        0  printfb.o(i._printf_core)
    _printf_core                             0x0800837f   Thumb Code    34  printfb.o(i._printf_core)
    .constdata                               0x080083a0   Section      528  main.o(.constdata)
    data_table                               0x080083a0   Data         528  main.o(.constdata)
    .constdata                               0x080085b0   Section      660  switch.o(.constdata)
    switch_list                              0x080085b0   Data         660  switch.o(.constdata)
    .constdata                               0x08008844   Section       10  led_7segs.o(.constdata)
    .constdata                               0x08008850   Section      108  hal_com.o(.constdata)
    hw_config                                0x08008850   Data         108  hal_com.o(.constdata)
    .constdata                               0x080088bc   Section      408  hal_dio.o(.constdata)
    DIO_cfg                                  0x080088bc   Data         408  hal_dio.o(.constdata)
    .constdata                               0x08008a54   Section       12  mktime.o(.constdata)
    monlen                                   0x08008a54   Data          12  mktime.o(.constdata)
    .constdata                               0x08008a60   Section       12  localtime_i.o(.constdata)
    monlen                                   0x08008a60   Data          12  localtime_i.o(.constdata)
    .data                                    0x20000000   Section      120  main.o(.data)
    .data                                    0x20000078   Section       40  log.o(.data)
    c                                        0x20000078   Data           1  log.o(.data)
    rc                                       0x20000079   Data           1  log.o(.data)
    log_com_idx                              0x2000007a   Data           1  log.o(.data)
    com_dbg                                  0x20000080   Data          20  log.o(.data)
    .data                                    0x200000a0   Section        4  timer.o(.data)
    Counter100uS                             0x200000a0   Data           4  timer.o(.data)
    .data                                    0x200000a4   Section        2  rtc.o(.data)
    .data                                    0x200000a8   Section       16  switch.o(.data)
    .data                                    0x200000b8   Section       20  stm32f10x_rcc.o(.data)
    APBAHBPrescTable                         0x200000b8   Data          16  stm32f10x_rcc.o(.data)
    ADCPrescTable                            0x200000c8   Data           4  stm32f10x_rcc.o(.data)
    .data                                    0x200000cc   Section       20  system_stm32f10x.o(.data)
    .bss                                     0x200000e0   Section      538  main.o(.bss)
    sw_process_data                          0x200002f0   Data          10  main.o(.bss)
    .bss                                     0x200002fa   Section      100  log.o(.bss)
    .bss                                     0x2000035e   Section       12  rtc.o(.bss)
    .bss                                     0x2000036c   Section       20  switch.o(.bss)
    callback_list                            0x2000036c   Data          20  switch.o(.bss)
    .bss                                     0x20000380   Section       20  hal_com.o(.bss)
    DataReceivedHandler                      0x20000380   Data          20  hal_com.o(.bss)
    .bss                                     0x20000394   Section       44  localtime_w.o(.bss)
    _tms                                     0x20000394   Data          44  localtime_w.o(.bss)
    STACK                                    0x200003c0   Section     4096  startup_stm32f10x_md.o(STACK)

    Global Symbols

    Symbol Name                              Value     Ov Type        Size  Object(Section)

    BuildAttributes$$THM_ISAv4$P$D$K$B$S$PE$A:L22UL41UL21$X:L11$S22US41US21$IEEE1$IW$USESV6$~STKCKD$USESV7$~SHL$OSPACE$ROPI$EBA8$MICROLIB$REQ8$PRES8$EABIv2 0x00000000   Number         0  anon$$obj.o ABSOLUTE
    __ARM_use_no_argv                        0x00000000   Number         0  main.o ABSOLUTE
    __use_no_errno                           0x00000000   Number         0  useno.o ABSOLUTE
    __use_no_exception_handling              0x00000000   Number         0  useno.o ABSOLUTE
    __use_no_fp                              0x00000000   Number         0  useno.o ABSOLUTE
    __use_no_heap                            0x00000000   Number         0  useno.o ABSOLUTE
    __use_no_heap_region                     0x00000000   Number         0  useno.o ABSOLUTE
    __use_no_semihosting                     0x00000000   Number         0  useno.o ABSOLUTE
    __use_no_semihosting_swi                 0x00000000   Number         0  useno.o ABSOLUTE
    __use_no_signal_handling                 0x00000000   Number         0  useno.o ABSOLUTE
    __cpp_initialize__aeabi_                  - Undefined Weak Reference
    __cxa_finalize                            - Undefined Weak Reference
    __decompress                              - Undefined Weak Reference
    _clock_init                               - Undefined Weak Reference
    _microlib_exit                            - Undefined Weak Reference
    __Vectors_Size                           0x000000ec   Number         0  startup_stm32f10x_md.o ABSOLUTE
    __Vectors                                0x08000000   Data           4  startup_stm32f10x_md.o(RESET)
    __Vectors_End                            0x080000ec   Data           0  startup_stm32f10x_md.o(RESET)
    __main                                   0x080000ed   Thumb Code     0  entry.o(.ARM.Collect$$$$00000000)
    _main_stk                                0x080000ed   Thumb Code     0  entry2.o(.ARM.Collect$$$$00000001)
    _main_scatterload                        0x080000f1   Thumb Code     0  entry5.o(.ARM.Collect$$$$00000004)
    __main_after_scatterload                 0x080000f5   Thumb Code     0  entry5.o(.ARM.Collect$$$$00000004)
    _main_clock                              0x080000f5   Thumb Code     0  entry7b.o(.ARM.Collect$$$$00000008)
    _main_cpp_init                           0x080000f5   Thumb Code     0  entry8b.o(.ARM.Collect$$$$0000000A)
    _main_init                               0x080000f5   Thumb Code     0  entry9a.o(.ARM.Collect$$$$0000000B)
    __rt_final_cpp                           0x080000fd   Thumb Code     0  entry10a.o(.ARM.Collect$$$$0000000D)
    __rt_final_exit                          0x080000fd   Thumb Code     0  entry11a.o(.ARM.Collect$$$$0000000F)
    switch_callback                          0x08000101   Thumb Code    10  main.o(.text)
    led_init                                 0x0800010b   Thumb Code    24  main.o(.text)
    sw_init                                  0x08000123   Thumb Code    64  main.o(.text)
    sw_update_status                         0x08000163   Thumb Code   266  main.o(.text)
    bkp_init                                 0x0800026d   Thumb Code    24  main.o(.text)
    FlashWrite                               0x08000285   Thumb Code    90  main.o(.text)
    main                                     0x080002df   Thumb Code  1008  main.o(.text)
    TIM2_IRQHandler                          0x080006cf   Thumb Code    54  main.o(.text)
    assert_failed                            0x08000705   Thumb Code     4  main.o(.text)
    _read                                    0x08000745   Thumb Code    36  log.o(.text)
    _write                                   0x08000769   Thumb Code    42  log.o(.text)
    log_com_start_rx                         0x08000793   Thumb Code    16  log.o(.text)
    log_data_is_rcved                        0x080007a3   Thumb Code     6  log.o(.text)
    log_get_buffer                           0x080007a9   Thumb Code     4  log.o(.text)
    log_init                                 0x0800088b   Thumb Code    16  log.o(.text)
    fputc                                    0x0800089b   Thumb Code    24  log.o(.text)
    fgetc                                    0x080008b3   Thumb Code    16  log.o(.text)
    ferror                                   0x080008c3   Thumb Code     8  log.o(.text)
    _ttywrch                                 0x080008cb   Thumb Code    12  log.o(.text)
    _sys_exit                                0x080008d7   Thumb Code     4  log.o(.text)
    timer_getick                             0x08000925   Thumb Code     6  timer.o(.text)
    PL_DelayElapsed                          0x0800093f   Thumb Code    28  timer.o(.text)
    PL_Delay                                 0x0800095b   Thumb Code    24  timer.o(.text)
    counter_StartTimer                       0x08000973   Thumb Code    68  timer.o(.text)
    Delay_ms                                 0x080009b7   Thumb Code    18  timer.o(.text)
    SysTick_Handler                          0x080009c9   Thumb Code    28  timer.o(.text)
    PL_RTC_GetTime                           0x080009f9   Thumb Code    96  rtc.o(.text)
    PL_RTC_SetTime                           0x08000a6f   Thumb Code   106  rtc.o(.text)
    PL_InitRTC                               0x08000ba7   Thumb Code   176  rtc.o(.text)
    RTC_IRQHandler                           0x08000c57   Thumb Code    88  rtc.o(.text)
    GetSysTime                               0x08000caf   Thumb Code    54  rtc.o(.text)
    SetSysTime                               0x08000ce5   Thumb Code    42  rtc.o(.text)
    timer_init                               0x08000d25   Thumb Code    92  switch.o(.text)
    switch_init                              0x08000d81   Thumb Code    76  switch.o(.text)
    switch_read                              0x08000dcd   Thumb Code    46  switch.o(.text)
    EXTI0_Config                             0x08000dfb   Thumb Code    90  switch.o(.text)
    EXTI0_IRQHandler                         0x08000e55   Thumb Code    18  switch.o(.text)
    EXTI1_IRQHandler                         0x08000e67   Thumb Code    18  switch.o(.text)
    EXTI2_IRQHandler                         0x08000e79   Thumb Code    18  switch.o(.text)
    EXTI3_IRQHandler                         0x08000e8b   Thumb Code    18  switch.o(.text)
    EXTI4_IRQHandler                         0x08000e9d   Thumb Code    18  switch.o(.text)
    EXTI5_IRQHandler                         0x08000eaf   Thumb Code    18  switch.o(.text)
    EXTI6_IRQHandler                         0x08000ec1   Thumb Code    18  switch.o(.text)
    EXTI9_5_IRQHandler                       0x08000ed3   Thumb Code    24  switch.o(.text)
    EXTI8_IRQHandler                         0x08000eeb   Thumb Code    22  switch.o(.text)
    Init_Led7Seg                             0x08000fc1   Thumb Code    38  led_7segs.o(.text)
    Led7Seg_PrintNum                         0x08000fe7   Thumb Code    88  led_7segs.o(.text)
    main_TestLed7Seg                         0x0800103f   Thumb Code    32  led_7segs.o(.text)
    hal_com_init                             0x0800106d   Thumb Code   318  hal_com.o(.text)
    hal_com_deinit                           0x080011ab   Thumb Code    26  hal_com.o(.text)
    hal_com_sendbyte                         0x080011c5   Thumb Code    60  hal_com.o(.text)
    hal_com_readbyte                         0x08001201   Thumb Code    24  hal_com.o(.text)
    hal_com_enable_irq                       0x08001219   Thumb Code   118  hal_com.o(.text)
    hal_com_disable_irq                      0x0800128f   Thumb Code    72  hal_com.o(.text)
    USART1_IRQHandler                        0x0800132f   Thumb Code    10  hal_com.o(.text)
    USART2_IRQHandler                        0x08001339   Thumb Code    10  hal_com.o(.text)
    USART3_IRQHandler                        0x08001343   Thumb Code    10  hal_com.o(.text)
    UART4_IRQHandler                         0x0800134d   Thumb Code    10  hal_com.o(.text)
    UART5_IRQHandler                         0x08001357   Thumb Code    10  hal_com.o(.text)
    hal_dio_init                             0x0800136d   Thumb Code   258  hal_dio.o(.text)
    hal_dio_set_low                          0x0800146f   Thumb Code    46  hal_dio.o(.text)
    hal_dio_set_high                         0x0800149d   Thumb Code    46  hal_dio.o(.text)
    hal_dio_toggle                           0x080014cb   Thumb Code    86  hal_dio.o(.text)
    hal_dio_read                             0x08001521   Thumb Code    52  hal_dio.o(.text)
    NVIC_PriorityGroupConfig                 0x08001559   Thumb Code    54  misc.o(.text)
    NVIC_Init                                0x0800158f   Thumb Code   158  misc.o(.text)
    NVIC_SetVectorTable                      0x0800162d   Thumb Code    60  misc.o(.text)
    NVIC_SystemLPConfig                      0x08001669   Thumb Code    78  misc.o(.text)
    SysTick_CLKSourceConfig                  0x080016b7   Thumb Code    62  misc.o(.text)
    BKP_DeInit                               0x08001731   Thumb Code    16  stm32f10x_bkp.o(.text)
    BKP_TamperPinLevelConfig                 0x08001741   Thumb Code    26  stm32f10x_bkp.o(.text)
    BKP_TamperPinCmd                         0x0800175b   Thumb Code    28  stm32f10x_bkp.o(.text)
    BKP_ITConfig                             0x08001777   Thumb Code    28  stm32f10x_bkp.o(.text)
    BKP_RTCOutputConfig                      0x08001793   Thumb Code    52  stm32f10x_bkp.o(.text)
    BKP_SetRTCCalibrationValue               0x080017c7   Thumb Code    38  stm32f10x_bkp.o(.text)
    BKP_WriteBackupRegister                  0x080017ed   Thumb Code   206  stm32f10x_bkp.o(.text)
    BKP_ReadBackupRegister                   0x080018bb   Thumb Code   204  stm32f10x_bkp.o(.text)
    BKP_GetFlagStatus                        0x08001987   Thumb Code    10  stm32f10x_bkp.o(.text)
    BKP_ClearFlag                            0x08001991   Thumb Code    18  stm32f10x_bkp.o(.text)
    BKP_GetITStatus                          0x080019a3   Thumb Code    10  stm32f10x_bkp.o(.text)
    BKP_ClearITPendingBit                    0x080019ad   Thumb Code    18  stm32f10x_bkp.o(.text)
    EXTI_DeInit                              0x080019f5   Thumb Code    28  stm32f10x_exti.o(.text)
    EXTI_Init                                0x08001a11   Thumb Code   236  stm32f10x_exti.o(.text)
    EXTI_StructInit                          0x08001afd   Thumb Code    16  stm32f10x_exti.o(.text)
    EXTI_GenerateSWInterrupt                 0x08001b0d   Thumb Code    38  stm32f10x_exti.o(.text)
    EXTI_GetFlagStatus                       0x08001b33   Thumb Code   140  stm32f10x_exti.o(.text)
    EXTI_ClearFlag                           0x08001bbf   Thumb Code    30  stm32f10x_exti.o(.text)
    EXTI_GetITStatus                         0x08001bdd   Thumb Code   152  stm32f10x_exti.o(.text)
    EXTI_ClearITPendingBit                   0x08001c75   Thumb Code    30  stm32f10x_exti.o(.text)
    FLASH_SetLatency                         0x08001cc9   Thumb Code    42  stm32f10x_flash.o(.text)
    FLASH_HalfCycleAccessCmd                 0x08001cf3   Thumb Code    44  stm32f10x_flash.o(.text)
    FLASH_PrefetchBufferCmd                  0x08001d1f   Thumb Code    44  stm32f10x_flash.o(.text)
    FLASH_Unlock                             0x08001d4b   Thumb Code    12  stm32f10x_flash.o(.text)
    FLASH_UnlockBank1                        0x08001d57   Thumb Code    12  stm32f10x_flash.o(.text)
    FLASH_Lock                               0x08001d63   Thumb Code    14  stm32f10x_flash.o(.text)
    FLASH_LockBank1                          0x08001d71   Thumb Code    14  stm32f10x_flash.o(.text)
    FLASH_GetBank1Status                     0x08001d7f   Thumb Code    48  stm32f10x_flash.o(.text)
    FLASH_WaitForLastOperation               0x08001daf   Thumb Code    38  stm32f10x_flash.o(.text)
    FLASH_ErasePage                          0x08001dd5   Thumb Code    96  stm32f10x_flash.o(.text)
    FLASH_EraseAllPages                      0x08001e35   Thumb Code    68  stm32f10x_flash.o(.text)
    FLASH_WaitForLastBank1Operation          0x08001e79   Thumb Code    38  stm32f10x_flash.o(.text)
    FLASH_EraseAllBank1Pages                 0x08001e9f   Thumb Code    68  stm32f10x_flash.o(.text)
    FLASH_GetReadOutProtectionStatus         0x08001ee3   Thumb Code    20  stm32f10x_flash.o(.text)
    FLASH_EraseOptionBytes                   0x08001ef7   Thumb Code   150  stm32f10x_flash.o(.text)
    FLASH_ProgramWord                        0x08001f8d   Thumb Code   128  stm32f10x_flash.o(.text)
    FLASH_ProgramHalfWord                    0x0800200d   Thumb Code    86  stm32f10x_flash.o(.text)
    FLASH_ProgramOptionByteData              0x08002063   Thumb Code   166  stm32f10x_flash.o(.text)
    FLASH_EnableWriteProtection              0x08002109   Thumb Code   198  stm32f10x_flash.o(.text)
    FLASH_ReadOutProtection                  0x080021cf   Thumb Code   180  stm32f10x_flash.o(.text)
    FLASH_UserOptionByteConfig               0x08002283   Thumb Code   154  stm32f10x_flash.o(.text)
    FLASH_GetUserOptionByte                  0x0800231d   Thumb Code     8  stm32f10x_flash.o(.text)
    FLASH_GetWriteProtectionOptionByte       0x08002325   Thumb Code     6  stm32f10x_flash.o(.text)
    FLASH_GetPrefetchBufferStatus            0x0800232b   Thumb Code    20  stm32f10x_flash.o(.text)
    FLASH_ITConfig                           0x0800233f   Thumb Code    74  stm32f10x_flash.o(.text)
    FLASH_GetFlagStatus                      0x08002389   Thumb Code    96  stm32f10x_flash.o(.text)
    FLASH_ClearFlag                          0x080023e9   Thumb Code    32  stm32f10x_flash.o(.text)
    FLASH_GetStatus                          0x08002409   Thumb Code    48  stm32f10x_flash.o(.text)
    GPIO_DeInit                              0x08002449   Thumb Code   224  stm32f10x_gpio.o(.text)
    GPIO_AFIODeInit                          0x08002529   Thumb Code    20  stm32f10x_gpio.o(.text)
    GPIO_Init                                0x0800253d   Thumb Code   378  stm32f10x_gpio.o(.text)
    GPIO_StructInit                          0x080026b7   Thumb Code    16  stm32f10x_gpio.o(.text)
    GPIO_ReadInputDataBit                    0x080026c7   Thumb Code   170  stm32f10x_gpio.o(.text)
    GPIO_ReadInputData                       0x08002771   Thumb Code    64  stm32f10x_gpio.o(.text)
    GPIO_ReadOutputDataBit                   0x080027b1   Thumb Code   244  stm32f10x_gpio.o(.text)
    GPIO_ReadOutputData                      0x080028a5   Thumb Code    66  stm32f10x_gpio.o(.text)
    GPIO_SetBits                             0x080028e7   Thumb Code    86  stm32f10x_gpio.o(.text)
    GPIO_ResetBits                           0x0800293d   Thumb Code    86  stm32f10x_gpio.o(.text)
    GPIO_WriteBit                            0x08002993   Thumb Code   188  stm32f10x_gpio.o(.text)
    GPIO_Write                               0x08002a4f   Thumb Code    66  stm32f10x_gpio.o(.text)
    GPIO_PinLockConfig                       0x08002a91   Thumb Code   100  stm32f10x_gpio.o(.text)
    GPIO_EventOutputConfig                   0x08002af5   Thumb Code   138  stm32f10x_gpio.o(.text)
    GPIO_EventOutputCmd                      0x08002b7f   Thumb Code    30  stm32f10x_gpio.o(.text)
    GPIO_PinRemapConfig                      0x08002b9d   Thumb Code   552  stm32f10x_gpio.o(.text)
    GPIO_EXTILineConfig                      0x08002dc5   Thumb Code   186  stm32f10x_gpio.o(.text)
    GPIO_ETH_MediaInterfaceConfig            0x08002e7f   Thumb Code    30  stm32f10x_gpio.o(.text)
    PWR_DeInit                               0x08002eb9   Thumb Code    22  stm32f10x_pwr.o(.text)
    PWR_BackupAccessCmd                      0x08002ecf   Thumb Code    26  stm32f10x_pwr.o(.text)
    PWR_PVDCmd                               0x08002ee9   Thumb Code    26  stm32f10x_pwr.o(.text)
    PWR_PVDLevelConfig                       0x08002f03   Thumb Code    60  stm32f10x_pwr.o(.text)
    PWR_WakeUpPinCmd                         0x08002f3f   Thumb Code    28  stm32f10x_pwr.o(.text)
    PWR_EnterSTOPMode                        0x08002f5b   Thumb Code    90  stm32f10x_pwr.o(.text)
    PWR_EnterSTANDBYMode                     0x08002fb5   Thumb Code    42  stm32f10x_pwr.o(.text)
    PWR_GetFlagStatus                        0x08002fdf   Thumb Code    48  stm32f10x_pwr.o(.text)
    PWR_ClearFlag                            0x0800300f   Thumb Code    38  stm32f10x_pwr.o(.text)
    RCC_DeInit                               0x0800306d   Thumb Code    64  stm32f10x_rcc.o(.text)
    RCC_HSEConfig                            0x080030ad   Thumb Code   100  stm32f10x_rcc.o(.text)
    RCC_GetFlagStatus                        0x08003111   Thumb Code   118  stm32f10x_rcc.o(.text)
    RCC_WaitForHSEStartUp                    0x08003187   Thumb Code    56  stm32f10x_rcc.o(.text)
    RCC_AdjustHSICalibrationValue            0x080031bf   Thumb Code    38  stm32f10x_rcc.o(.text)
    RCC_HSICmd                               0x080031e5   Thumb Code    28  stm32f10x_rcc.o(.text)
    RCC_PLLConfig                            0x08003201   Thumb Code   152  stm32f10x_rcc.o(.text)
    RCC_PLLCmd                               0x08003299   Thumb Code    28  stm32f10x_rcc.o(.text)
    RCC_SYSCLKConfig                         0x080032b5   Thumb Code    42  stm32f10x_rcc.o(.text)
    RCC_GetSYSCLKSource                      0x080032df   Thumb Code    10  stm32f10x_rcc.o(.text)
    RCC_HCLKConfig                           0x080032e9   Thumb Code    66  stm32f10x_rcc.o(.text)
    RCC_PCLK1Config                          0x0800332b   Thumb Code    58  stm32f10x_rcc.o(.text)
    RCC_PCLK2Config                          0x08003365   Thumb Code    60  stm32f10x_rcc.o(.text)
    RCC_ITConfig                             0x080033a1   Thumb Code    70  stm32f10x_rcc.o(.text)
    RCC_USBCLKConfig                         0x080033e7   Thumb Code    30  stm32f10x_rcc.o(.text)
    RCC_ADCCLKConfig                         0x08003405   Thumb Code    52  stm32f10x_rcc.o(.text)
    RCC_LSEConfig                            0x08003439   Thumb Code   134  stm32f10x_rcc.o(.text)
    RCC_LSICmd                               0x080034bf   Thumb Code    30  stm32f10x_rcc.o(.text)
    RCC_RTCCLKConfig                         0x080034dd   Thumb Code    52  stm32f10x_rcc.o(.text)
    RCC_RTCCLKCmd                            0x08003511   Thumb Code    32  stm32f10x_rcc.o(.text)
    RCC_GetClocksFreq                        0x08003531   Thumb Code   208  stm32f10x_rcc.o(.text)
    RCC_AHBPeriphClockCmd                    0x08003601   Thumb Code    86  stm32f10x_rcc.o(.text)
    RCC_APB2PeriphClockCmd                   0x08003657   Thumb Code    82  stm32f10x_rcc.o(.text)
    RCC_APB1PeriphClockCmd                   0x080036a9   Thumb Code    82  stm32f10x_rcc.o(.text)
    RCC_APB2PeriphResetCmd                   0x080036fb   Thumb Code    82  stm32f10x_rcc.o(.text)
    RCC_APB1PeriphResetCmd                   0x0800374d   Thumb Code    82  stm32f10x_rcc.o(.text)
    RCC_BackupResetCmd                       0x0800379f   Thumb Code    32  stm32f10x_rcc.o(.text)
    RCC_ClockSecuritySystemCmd               0x080037bf   Thumb Code    30  stm32f10x_rcc.o(.text)
    RCC_MCOConfig                            0x080037dd   Thumb Code    44  stm32f10x_rcc.o(.text)
    RCC_ClearFlag                            0x08003809   Thumb Code    18  stm32f10x_rcc.o(.text)
    RCC_GetITStatus                          0x0800381b   Thumb Code    64  stm32f10x_rcc.o(.text)
    RCC_ClearITPendingBit                    0x0800385b   Thumb Code    34  stm32f10x_rcc.o(.text)
    RTC_ITConfig                             0x080038a1   Thumb Code    68  stm32f10x_rtc.o(.text)
    RTC_EnterConfigMode                      0x080038e5   Thumb Code    18  stm32f10x_rtc.o(.text)
    RTC_ExitConfigMode                       0x080038f7   Thumb Code    20  stm32f10x_rtc.o(.text)
    RTC_GetCounter                           0x0800390b   Thumb Code    18  stm32f10x_rtc.o(.text)
    RTC_SetCounter                           0x0800391d   Thumb Code    26  stm32f10x_rtc.o(.text)
    RTC_SetPrescaler                         0x08003937   Thumb Code    44  stm32f10x_rtc.o(.text)
    RTC_SetAlarm                             0x08003963   Thumb Code    26  stm32f10x_rtc.o(.text)
    RTC_GetDivider                           0x0800397d   Thumb Code    22  stm32f10x_rtc.o(.text)
    RTC_WaitForLastTask                      0x08003993   Thumb Code    18  stm32f10x_rtc.o(.text)
    RTC_WaitForSynchro                       0x080039a5   Thumb Code    36  stm32f10x_rtc.o(.text)
    RTC_GetFlagStatus                        0x080039c9   Thumb Code    56  stm32f10x_rtc.o(.text)
    RTC_ClearFlag                            0x08003a01   Thumb Code    42  stm32f10x_rtc.o(.text)
    RTC_GetITStatus                          0x08003a2b   Thumb Code    60  stm32f10x_rtc.o(.text)
    RTC_ClearITPendingBit                    0x08003a67   Thumb Code    42  stm32f10x_rtc.o(.text)
    TIM_DeInit                               0x08003ac1   Thumb Code   536  stm32f10x_tim.o(.text)
    TIM_TimeBaseInit                         0x08003cd9   Thumb Code   308  stm32f10x_tim.o(.text)
    TIM_OC1Init                              0x08003e0d   Thumb Code   560  stm32f10x_tim.o(.text)
    TIM_OC2Init                              0x0800403d   Thumb Code   438  stm32f10x_tim.o(.text)
    TIM_OC3Init                              0x080041f3   Thumb Code   458  stm32f10x_tim.o(.text)
    TIM_OC4Init                              0x080043bd   Thumb Code   302  stm32f10x_tim.o(.text)
    TIM_SetIC4Prescaler                      0x080044eb   Thumb Code   110  stm32f10x_tim.o(.text)
    TIM_SetIC3Prescaler                      0x080045db   Thumb Code   102  stm32f10x_tim.o(.text)
    TIM_SetIC2Prescaler                      0x080046bb   Thumb Code   128  stm32f10x_tim.o(.text)
    TIM_SetIC1Prescaler                      0x080047df   Thumb Code   156  stm32f10x_tim.o(.text)
    TIM_ICInit                               0x080048e7   Thumb Code   602  stm32f10x_tim.o(.text)
    TIM_PWMIConfig                           0x08004b41   Thumb Code   250  stm32f10x_tim.o(.text)
    TIM_BDTRConfig                           0x08004c3b   Thumb Code   254  stm32f10x_tim.o(.text)
    TIM_TimeBaseStructInit                   0x08004d39   Thumb Code    18  stm32f10x_tim.o(.text)
    TIM_OCStructInit                         0x08004d4b   Thumb Code    20  stm32f10x_tim.o(.text)
    TIM_ICStructInit                         0x08004d5f   Thumb Code    18  stm32f10x_tim.o(.text)
    TIM_BDTRStructInit                       0x08004d71   Thumb Code    18  stm32f10x_tim.o(.text)
    TIM_Cmd                                  0x08004d83   Thumb Code   166  stm32f10x_tim.o(.text)
    TIM_CtrlPWMOutputs                       0x08004e29   Thumb Code   100  stm32f10x_tim.o(.text)
    TIM_ITConfig                             0x08004e8d   Thumb Code   178  stm32f10x_tim.o(.text)
    TIM_GenerateEvent                        0x08004f3f   Thumb Code   144  stm32f10x_tim.o(.text)
    TIM_DMAConfig                            0x08004fcf   Thumb Code   358  stm32f10x_tim.o(.text)
    TIM_DMACmd                               0x08005135   Thumb Code   144  stm32f10x_tim.o(.text)
    TIM_InternalClockConfig                  0x080051c5   Thumb Code    82  stm32f10x_tim.o(.text)
    TIM_SelectInputTrigger                   0x08005217   Thumb Code   130  stm32f10x_tim.o(.text)
    TIM_ITRxExternalClockConfig              0x08005299   Thumb Code   116  stm32f10x_tim.o(.text)
    TIM_TIxExternalClockConfig               0x0800530d   Thumb Code   186  stm32f10x_tim.o(.text)
    TIM_ETRConfig                            0x080053c7   Thumb Code   164  stm32f10x_tim.o(.text)
    TIM_ETRClockMode1Config                  0x0800546b   Thumb Code   226  stm32f10x_tim.o(.text)
    TIM_ETRClockMode2Config                  0x0800554d   Thumb Code   152  stm32f10x_tim.o(.text)
    TIM_PrescalerConfig                      0x080055e5   Thumb Code   146  stm32f10x_tim.o(.text)
    TIM_CounterModeConfig                    0x08005677   Thumb Code   100  stm32f10x_tim.o(.text)
    TIM_EncoderInterfaceConfig               0x080056db   Thumb Code   212  stm32f10x_tim.o(.text)
    TIM_ForcedOC1Config                      0x080057af   Thumb Code   144  stm32f10x_tim.o(.text)
    TIM_ForcedOC2Config                      0x0800583f   Thumb Code   116  stm32f10x_tim.o(.text)
    TIM_ForcedOC3Config                      0x080058b3   Thumb Code   160  stm32f10x_tim.o(.text)
    TIM_ForcedOC4Config                      0x08005953   Thumb Code    98  stm32f10x_tim.o(.text)
    TIM_ARRPreloadConfig                     0x080059b5   Thumb Code   162  stm32f10x_tim.o(.text)
    TIM_SelectCOM                            0x08005a57   Thumb Code    90  stm32f10x_tim.o(.text)
    TIM_SelectCCDMA                          0x08005ab1   Thumb Code   114  stm32f10x_tim.o(.text)
    TIM_CCPreloadControl                     0x08005b23   Thumb Code   102  stm32f10x_tim.o(.text)
    TIM_OC1PreloadConfig                     0x08005b89   Thumb Code   142  stm32f10x_tim.o(.text)
    TIM_OC2PreloadConfig                     0x08005c17   Thumb Code   114  stm32f10x_tim.o(.text)
    TIM_OC3PreloadConfig                     0x08005c89   Thumb Code    88  stm32f10x_tim.o(.text)
    TIM_OC4PreloadConfig                     0x08005ce1   Thumb Code   166  stm32f10x_tim.o(.text)
    TIM_OC1FastConfig                        0x08005d87   Thumb Code   142  stm32f10x_tim.o(.text)
    TIM_OC2FastConfig                        0x08005e15   Thumb Code   114  stm32f10x_tim.o(.text)
    TIM_OC3FastConfig                        0x08005e87   Thumb Code    88  stm32f10x_tim.o(.text)
    TIM_OC4FastConfig                        0x08005edf   Thumb Code    96  stm32f10x_tim.o(.text)
    TIM_ClearOC1Ref                          0x08005f3f   Thumb Code    88  stm32f10x_tim.o(.text)
    TIM_ClearOC2Ref                          0x08005f97   Thumb Code    94  stm32f10x_tim.o(.text)
    TIM_ClearOC3Ref                          0x08005ff5   Thumb Code    88  stm32f10x_tim.o(.text)
    TIM_ClearOC4Ref                          0x0800604d   Thumb Code    94  stm32f10x_tim.o(.text)
    TIM_OC1PolarityConfig                    0x080060ab   Thumb Code   202  stm32f10x_tim.o(.text)
    TIM_OC1NPolarityConfig                   0x08006175   Thumb Code    82  stm32f10x_tim.o(.text)
    TIM_OC2PolarityConfig                    0x080061c7   Thumb Code   114  stm32f10x_tim.o(.text)
    TIM_OC2NPolarityConfig                   0x08006239   Thumb Code    72  stm32f10x_tim.o(.text)
    TIM_OC3PolarityConfig                    0x08006281   Thumb Code    96  stm32f10x_tim.o(.text)
    TIM_OC3NPolarityConfig                   0x080062e1   Thumb Code    72  stm32f10x_tim.o(.text)
    TIM_OC4PolarityConfig                    0x08006329   Thumb Code    96  stm32f10x_tim.o(.text)
    TIM_CCxCmd                               0x08006389   Thumb Code   186  stm32f10x_tim.o(.text)
    TIM_CCxNCmd                              0x08006443   Thumb Code   122  stm32f10x_tim.o(.text)
    TIM_SelectOCxM                           0x080064bd   Thumb Code   326  stm32f10x_tim.o(.text)
    TIM_UpdateDisableConfig                  0x08006603   Thumb Code   162  stm32f10x_tim.o(.text)
    TIM_UpdateRequestConfig                  0x080066a5   Thumb Code   162  stm32f10x_tim.o(.text)
    TIM_SelectHallSensor                     0x08006747   Thumb Code   114  stm32f10x_tim.o(.text)
    TIM_SelectOnePulseMode                   0x080067b9   Thumb Code   156  stm32f10x_tim.o(.text)
    TIM_SelectOutputTrigger                  0x08006855   Thumb Code   144  stm32f10x_tim.o(.text)
    TIM_SelectSlaveMode                      0x080068e5   Thumb Code   118  stm32f10x_tim.o(.text)
    TIM_SelectMasterSlaveMode                0x0800695b   Thumb Code   176  stm32f10x_tim.o(.text)
    TIM_SetCounter                           0x08006a0b   Thumb Code   124  stm32f10x_tim.o(.text)
    TIM_SetAutoreload                        0x08006a87   Thumb Code   124  stm32f10x_tim.o(.text)
    TIM_SetCompare1                          0x08006b03   Thumb Code   112  stm32f10x_tim.o(.text)
    TIM_SetCompare2                          0x08006b73   Thumb Code    76  stm32f10x_tim.o(.text)
    TIM_SetCompare3                          0x08006bbf   Thumb Code    58  stm32f10x_tim.o(.text)
    TIM_SetCompare4                          0x08006bf9   Thumb Code    60  stm32f10x_tim.o(.text)
    TIM_SetClockDivision                     0x08006c35   Thumb Code   152  stm32f10x_tim.o(.text)
    TIM_GetCapture1                          0x08006ccd   Thumb Code   110  stm32f10x_tim.o(.text)
    TIM_GetCapture2                          0x08006d3b   Thumb Code    74  stm32f10x_tim.o(.text)
    TIM_GetCapture3                          0x08006d85   Thumb Code   124  stm32f10x_tim.o(.text)
    TIM_GetCapture4                          0x08006e01   Thumb Code    58  stm32f10x_tim.o(.text)
    TIM_GetCounter                           0x08006e3b   Thumb Code   122  stm32f10x_tim.o(.text)
    TIM_GetPrescaler                         0x08006eb5   Thumb Code   122  stm32f10x_tim.o(.text)
    TIM_GetFlagStatus                        0x08006f2f   Thumb Code   206  stm32f10x_tim.o(.text)
    TIM_ClearFlag                            0x08006ffd   Thumb Code   146  stm32f10x_tim.o(.text)
    TIM_GetITStatus                          0x0800708f   Thumb Code   204  stm32f10x_tim.o(.text)
    TIM_ClearITPendingBit                    0x0800715b   Thumb Code   214  stm32f10x_tim.o(.text)
    USART_DeInit                             0x08007231   Thumb Code   174  stm32f10x_usart.o(.text)
    USART_Init                               0x080072df   Thumb Code   450  stm32f10x_usart.o(.text)
    USART_StructInit                         0x080074a1   Thumb Code    24  stm32f10x_usart.o(.text)
    USART_ClockInit                          0x080074b9   Thumb Code   162  stm32f10x_usart.o(.text)
    USART_ClockStructInit                    0x0800755b   Thumb Code    12  stm32f10x_usart.o(.text)
    USART_Cmd                                0x08007567   Thumb Code    90  stm32f10x_usart.o(.text)
    USART_ITConfig                           0x080075c1   Thumb Code   324  stm32f10x_usart.o(.text)
    USART_DMACmd                             0x08007705   Thumb Code   114  stm32f10x_usart.o(.text)
    USART_SetAddress                         0x08007777   Thumb Code    86  stm32f10x_usart.o(.text)
    USART_WakeUpConfig                       0x080077cd   Thumb Code    90  stm32f10x_usart.o(.text)
    USART_ReceiverWakeUpCmd                  0x08007827   Thumb Code    94  stm32f10x_usart.o(.text)
    USART_LINBreakDetectLengthConfig         0x08007885   Thumb Code    88  stm32f10x_usart.o(.text)
    USART_LINCmd                             0x080078dd   Thumb Code    94  stm32f10x_usart.o(.text)
    USART_SendData                           0x0800793b   Thumb Code    78  stm32f10x_usart.o(.text)
    USART_ReceiveData                        0x08007989   Thumb Code    56  stm32f10x_usart.o(.text)
    USART_SendBreak                          0x080079c1   Thumb Code    58  stm32f10x_usart.o(.text)
    USART_SetGuardTime                       0x080079fb   Thumb Code    54  stm32f10x_usart.o(.text)
    USART_SetPrescaler                       0x08007a31   Thumb Code    66  stm32f10x_usart.o(.text)
    USART_SmartCardCmd                       0x08007a73   Thumb Code   102  stm32f10x_usart.o(.text)
    USART_SmartCardNACKCmd                   0x08007ad9   Thumb Code    82  stm32f10x_usart.o(.text)
    USART_HalfDuplexCmd                      0x08007b2b   Thumb Code    94  stm32f10x_usart.o(.text)
    USART_OverSampling8Cmd                   0x08007b89   Thumb Code    92  stm32f10x_usart.o(.text)
    USART_OneBitMethodCmd                    0x08007be5   Thumb Code    94  stm32f10x_usart.o(.text)
    USART_IrDAConfig                         0x08007c43   Thumb Code    88  stm32f10x_usart.o(.text)
    USART_IrDACmd                            0x08007c9b   Thumb Code    94  stm32f10x_usart.o(.text)
    USART_GetFlagStatus                      0x08007cf9   Thumb Code   164  stm32f10x_usart.o(.text)
    USART_ClearFlag                          0x08007d9d   Thumb Code   122  stm32f10x_usart.o(.text)
    USART_GetITStatus                        0x08007e17   Thumb Code   280  stm32f10x_usart.o(.text)
    USART_ClearITPendingBit                  0x08007f2f   Thumb Code   158  stm32f10x_usart.o(.text)
    SystemInit                               0x080080bf   Thumb Code    78  system_stm32f10x.o(.text)
    SystemCoreClockUpdate                    0x0800810d   Thumb Code   142  system_stm32f10x.o(.text)
    Reset_Handler                            0x080081c1   Thumb Code     8  startup_stm32f10x_md.o(.text)
    NMI_Handler                              0x080081c9   Thumb Code     2  startup_stm32f10x_md.o(.text)
    HardFault_Handler                        0x080081cb   Thumb Code     2  startup_stm32f10x_md.o(.text)
    MemManage_Handler                        0x080081cd   Thumb Code     2  startup_stm32f10x_md.o(.text)
    BusFault_Handler                         0x080081cf   Thumb Code     2  startup_stm32f10x_md.o(.text)
    UsageFault_Handler                       0x080081d1   Thumb Code     2  startup_stm32f10x_md.o(.text)
    SVC_Handler                              0x080081d3   Thumb Code     2  startup_stm32f10x_md.o(.text)
    DebugMon_Handler                         0x080081d5   Thumb Code     2  startup_stm32f10x_md.o(.text)
    PendSV_Handler                           0x080081d7   Thumb Code     2  startup_stm32f10x_md.o(.text)
    ADC1_2_IRQHandler                        0x080081db   Thumb Code     0  startup_stm32f10x_md.o(.text)
    CAN1_RX1_IRQHandler                      0x080081db   Thumb Code     0  startup_stm32f10x_md.o(.text)
    CAN1_SCE_IRQHandler                      0x080081db   Thumb Code     0  startup_stm32f10x_md.o(.text)
    DMA1_Channel1_IRQHandler                 0x080081db   Thumb Code     0  startup_stm32f10x_md.o(.text)
    DMA1_Channel2_IRQHandler                 0x080081db   Thumb Code     0  startup_stm32f10x_md.o(.text)
    DMA1_Channel3_IRQHandler                 0x080081db   Thumb Code     0  startup_stm32f10x_md.o(.text)
    DMA1_Channel4_IRQHandler                 0x080081db   Thumb Code     0  startup_stm32f10x_md.o(.text)
    DMA1_Channel5_IRQHandler                 0x080081db   Thumb Code     0  startup_stm32f10x_md.o(.text)
    DMA1_Channel6_IRQHandler                 0x080081db   Thumb Code     0  startup_stm32f10x_md.o(.text)
    DMA1_Channel7_IRQHandler                 0x080081db   Thumb Code     0  startup_stm32f10x_md.o(.text)
    EXTI15_10_IRQHandler                     0x080081db   Thumb Code     0  startup_stm32f10x_md.o(.text)
    FLASH_IRQHandler                         0x080081db   Thumb Code     0  startup_stm32f10x_md.o(.text)
    I2C1_ER_IRQHandler                       0x080081db   Thumb Code     0  startup_stm32f10x_md.o(.text)
    I2C1_EV_IRQHandler                       0x080081db   Thumb Code     0  startup_stm32f10x_md.o(.text)
    I2C2_ER_IRQHandler                       0x080081db   Thumb Code     0  startup_stm32f10x_md.o(.text)
    I2C2_EV_IRQHandler                       0x080081db   Thumb Code     0  startup_stm32f10x_md.o(.text)
    PVD_IRQHandler                           0x080081db   Thumb Code     0  startup_stm32f10x_md.o(.text)
    RCC_IRQHandler                           0x080081db   Thumb Code     0  startup_stm32f10x_md.o(.text)
    RTCAlarm_IRQHandler                      0x080081db   Thumb Code     0  startup_stm32f10x_md.o(.text)
    SPI1_IRQHandler                          0x080081db   Thumb Code     0  startup_stm32f10x_md.o(.text)
    SPI2_IRQHandler                          0x080081db   Thumb Code     0  startup_stm32f10x_md.o(.text)
    TAMPER_IRQHandler                        0x080081db   Thumb Code     0  startup_stm32f10x_md.o(.text)
    TIM1_BRK_IRQHandler                      0x080081db   Thumb Code     0  startup_stm32f10x_md.o(.text)
    TIM1_CC_IRQHandler                       0x080081db   Thumb Code     0  startup_stm32f10x_md.o(.text)
    TIM1_TRG_COM_IRQHandler                  0x080081db   Thumb Code     0  startup_stm32f10x_md.o(.text)
    TIM1_UP_IRQHandler                       0x080081db   Thumb Code     0  startup_stm32f10x_md.o(.text)
    TIM3_IRQHandler                          0x080081db   Thumb Code     0  startup_stm32f10x_md.o(.text)
    TIM4_IRQHandler                          0x080081db   Thumb Code     0  startup_stm32f10x_md.o(.text)
    USBWakeUp_IRQHandler                     0x080081db   Thumb Code     0  startup_stm32f10x_md.o(.text)
    USB_HP_CAN1_TX_IRQHandler                0x080081db   Thumb Code     0  startup_stm32f10x_md.o(.text)
    USB_LP_CAN1_RX0_IRQHandler               0x080081db   Thumb Code     0  startup_stm32f10x_md.o(.text)
    WWDG_IRQHandler                          0x080081db   Thumb Code     0  startup_stm32f10x_md.o(.text)
    mktime                                   0x080081e5   Thumb Code   142  mktime.o(.text)
    strcmp                                   0x08008285   Thumb Code    28  strcmp.o(.text)
    localtime                                0x080082a1   Thumb Code     6  localtime_w.o(.text)
    _localtime                               0x080082ad   Thumb Code   122  localtime_i.o(.text)
    __scatterload                            0x0800832d   Thumb Code    28  init.o(.text)
    __scatterload_rt2                        0x0800832d   Thumb Code     0  init.o(.text)
    __0printf$bare                           0x08008351   Thumb Code     8  printfb.o(i.__0printf$bare)
    __1printf$bare                           0x08008351   Thumb Code     0  printfb.o(i.__0printf$bare)
    __2printf                                0x08008351   Thumb Code     0  printfb.o(i.__0printf$bare)
    __scatterload_copy                       0x08008361   Thumb Code    14  handlers.o(i.__scatterload_copy)
    __scatterload_null                       0x0800836f   Thumb Code     2  handlers.o(i.__scatterload_null)
    __scatterload_zeroinit                   0x08008371   Thumb Code    14  handlers.o(i.__scatterload_zeroinit)
    value_to_led7seg_table                   0x08008844   Data          10  led_7segs.o(.constdata)
    Region$$Table$$Base                      0x08008a6c   Number         0  anon$$obj.o(Region$$Table)
    Region$$Table$$Limit                     0x08008a8c   Number         0  anon$$obj.o(Region$$Table)
    manager                                  0x20000000   Data           2  main.o(.data)
    led_switch_1                             0x20000002   Data           3  main.o(.data)
    led_switch_2                             0x20000005   Data           3  main.o(.data)
    led_switch_3                             0x20000008   Data           3  main.o(.data)
    led_switch_4                             0x2000000b   Data           3  main.o(.data)
    led_switch_5                             0x2000000e   Data           3  main.o(.data)
    led_switch_6                             0x20000011   Data           3  main.o(.data)
    led_switch_7                             0x20000014   Data           3  main.o(.data)
    led_switch_8                             0x20000017   Data           3  main.o(.data)
    led_switch_9                             0x2000001a   Data           3  main.o(.data)
    led_switch_10                            0x2000001d   Data           3  main.o(.data)
    led_switch_11                            0x20000020   Data           3  main.o(.data)
    led_switch_12                            0x20000023   Data           3  main.o(.data)
    led_switch_13                            0x20000026   Data           3  main.o(.data)
    led_switch_14                            0x20000029   Data           3  main.o(.data)
    led_switch_15                            0x2000002c   Data           3  main.o(.data)
    led_switch_16                            0x2000002f   Data           3  main.o(.data)
    led_switch_17                            0x20000032   Data           3  main.o(.data)
    led_switch_18                            0x20000035   Data           3  main.o(.data)
    led_switch_19                            0x20000038   Data           3  main.o(.data)
    led_switch_20                            0x2000003b   Data           3  main.o(.data)
    led_switch_21                            0x2000003e   Data           3  main.o(.data)
    led_switch_22                            0x20000041   Data           3  main.o(.data)
    led_switch_23                            0x20000044   Data           3  main.o(.data)
    led_switch_24                            0x20000047   Data           3  main.o(.data)
    led_switch_25                            0x2000004a   Data           3  main.o(.data)
    led_switch_26                            0x2000004d   Data           3  main.o(.data)
    led_switch_27                            0x20000050   Data           3  main.o(.data)
    led_switch_28                            0x20000053   Data           3  main.o(.data)
    led_switch_29                            0x20000056   Data           3  main.o(.data)
    led_switch_30                            0x20000059   Data           3  main.o(.data)
    led_switch_RESET                         0x2000005c   Data           3  main.o(.data)
    led_switch_MODE                          0x2000005f   Data           3  main.o(.data)
    led_switch_UP                            0x20000062   Data           3  main.o(.data)
    buzzer                                   0x20000065   Data           3  main.o(.data)
    l_sw_count_u8                            0x20000068   Data           1  main.o(.data)
    bk_data                                  0x2000006c   Data           4  main.o(.data)
    l_time_now                               0x20000070   Data           4  main.o(.data)
    l_task_flash_tick                        0x20000074   Data           4  main.o(.data)
    data_len                                 0x2000007b   Data           1  log.o(.data)
    com_log_sm                               0x2000007c   Data           1  log.o(.data)
    header_received                          0x2000007d   Data           1  log.o(.data)
    log_data_rx_completed                    0x2000007e   Data           1  log.o(.data)
    __stdout                                 0x20000094   Data           4  log.o(.data)
    __stdin                                  0x20000098   Data           4  log.o(.data)
    __stderr                                 0x2000009c   Data           4  log.o(.data)
    SYS_TIME_ADJUSTED                        0x200000a4   Data           1  rtc.o(.data)
    sys_nextday                              0x200000a5   Data           1  rtc.o(.data)
    EXTI_InitStructure                       0x200000a8   Data           8  switch.o(.data)
    GPIO_InitStructure                       0x200000b0   Data           4  switch.o(.data)
    NVIC_InitStructure                       0x200000b4   Data           4  switch.o(.data)
    SystemCoreClock                          0x200000cc   Data           4  system_stm32f10x.o(.data)
    AHBPrescTable                            0x200000d0   Data          16  system_stm32f10x.o(.data)
    l_switch_1                               0x200000e0   Data          16  main.o(.bss)
    l_switch_2                               0x200000f0   Data          16  main.o(.bss)
    l_switch_3                               0x20000100   Data          16  main.o(.bss)
    l_switch_4                               0x20000110   Data          16  main.o(.bss)
    l_switch_5                               0x20000120   Data          16  main.o(.bss)
    l_switch_6                               0x20000130   Data          16  main.o(.bss)
    l_switch_7                               0x20000140   Data          16  main.o(.bss)
    l_switch_8                               0x20000150   Data          16  main.o(.bss)
    l_switch_9                               0x20000160   Data          16  main.o(.bss)
    l_switch_10                              0x20000170   Data          16  main.o(.bss)
    l_switch_11                              0x20000180   Data          16  main.o(.bss)
    l_switch_12                              0x20000190   Data          16  main.o(.bss)
    l_switch_13                              0x200001a0   Data          16  main.o(.bss)
    l_switch_14                              0x200001b0   Data          16  main.o(.bss)
    l_switch_15                              0x200001c0   Data          16  main.o(.bss)
    l_switch_16                              0x200001d0   Data          16  main.o(.bss)
    l_switch_17                              0x200001e0   Data          16  main.o(.bss)
    l_switch_18                              0x200001f0   Data          16  main.o(.bss)
    l_switch_19                              0x20000200   Data          16  main.o(.bss)
    l_switch_20                              0x20000210   Data          16  main.o(.bss)
    l_switch_21                              0x20000220   Data          16  main.o(.bss)
    l_switch_22                              0x20000230   Data          16  main.o(.bss)
    l_switch_23                              0x20000240   Data          16  main.o(.bss)
    l_switch_24                              0x20000250   Data          16  main.o(.bss)
    l_switch_25                              0x20000260   Data          16  main.o(.bss)
    l_switch_26                              0x20000270   Data          16  main.o(.bss)
    l_switch_27                              0x20000280   Data          16  main.o(.bss)
    l_switch_28                              0x20000290   Data          16  main.o(.bss)
    l_switch_29                              0x200002a0   Data          16  main.o(.bss)
    l_switch_30                              0x200002b0   Data          16  main.o(.bss)
    l_switch_RESET                           0x200002c0   Data          16  main.o(.bss)
    l_switch_MODE                            0x200002d0   Data          16  main.o(.bss)
    l_switch_UP                              0x200002e0   Data          16  main.o(.bss)
    log_com_buffer                           0x200002fa   Data         100  log.o(.bss)
    sys_date                                 0x2000035e   Data          12  rtc.o(.bss)
    __initial_sp                             0x200013c0   Data           0  startup_stm32f10x_md.o(STACK)



==============================================================================

Memory Map of the image

  Image Entry point : 0x080000ed

  Load Region LR_IROM1 (Base: 0x08000000, Size: 0x00008b6c, Max: 0x00010000, ABSOLUTE)

    Execution Region ER_IROM1 (Base: 0x08000000, Size: 0x00008a8c, Max: 0x00010000, ABSOLUTE)

    Base Addr    Size         Type   Attr      Idx    E Section Name        Object

    0x08000000   0x000000ec   Data   RO          693    RESET               startup_stm32f10x_md.o
    0x080000ec   0x00000000   Code   RO          699  * .ARM.Collect$$$$00000000  mc_w.l(entry.o)
    0x080000ec   0x00000004   Code   RO          971    .ARM.Collect$$$$00000001  mc_w.l(entry2.o)
    0x080000f0   0x00000004   Code   RO          974    .ARM.Collect$$$$00000004  mc_w.l(entry5.o)
    0x080000f4   0x00000000   Code   RO          976    .ARM.Collect$$$$00000008  mc_w.l(entry7b.o)
    0x080000f4   0x00000000   Code   RO          978    .ARM.Collect$$$$0000000A  mc_w.l(entry8b.o)
    0x080000f4   0x00000008   Code   RO          979    .ARM.Collect$$$$0000000B  mc_w.l(entry9a.o)
    0x080000fc   0x00000000   Code   RO          981    .ARM.Collect$$$$0000000D  mc_w.l(entry10a.o)
    0x080000fc   0x00000000   Code   RO          983    .ARM.Collect$$$$0000000F  mc_w.l(entry11a.o)
    0x080000fc   0x00000004   Code   RO          972    .ARM.Collect$$$$00002712  mc_w.l(entry2.o)
    0x08000100   0x0000062c   Code   RO            1    .text               main.o
    0x0800072c   0x000001d8   Code   RO          166    .text               log.o
    0x08000904   0x000000f4   Code   RO          195    .text               timer.o
    0x080009f8   0x0000032c   Code   RO          232    .text               rtc.o
    0x08000d24   0x000001f4   Code   RO          254    .text               switch.o
    0x08000f18   0x00000154   Code   RO          271    .text               led_7segs.o
    0x0800106c   0x00000300   Code   RO          366    .text               hal_com.o
    0x0800136c   0x000001ec   Code   RO          381    .text               hal_dio.o
    0x08001558   0x000001d8   Code   RO          395    .text               misc.o
    0x08001730   0x000002c4   Code   RO          419    .text               stm32f10x_bkp.o
    0x080019f4   0x000002d4   Code   RO          503    .text               stm32f10x_exti.o
    0x08001cc8   0x00000780   Code   RO          515    .text               stm32f10x_flash.o
    0x08002448   0x00000a70   Code   RO          539    .text               stm32f10x_gpio.o
    0x08002eb8   0x000001b4   Code   RO          575    .text               stm32f10x_pwr.o
    0x0800306c   0x00000834   Code   RO          587    .text               stm32f10x_rcc.o
    0x080038a0   0x00000220   Code   RO          601    .text               stm32f10x_rtc.o
    0x08003ac0   0x00003770   Code   RO          637    .text               stm32f10x_tim.o
    0x08007230   0x00000db0   Code   RO          649    .text               stm32f10x_usart.o
    0x08007fe0   0x000001e0   Code   RO          673    .text               system_stm32f10x.o
    0x080081c0   0x00000024   Code   RO          694    .text               startup_stm32f10x_md.o
    0x080081e4   0x000000a0   Code   RO          706    .text               mc_w.l(mktime.o)
    0x08008284   0x0000001c   Code   RO          709    .text               mc_w.l(strcmp.o)
    0x080082a0   0x0000000c   Code   RO          989    .text               mc_w.l(localtime_w.o)
    0x080082ac   0x00000080   Code   RO          992    .text               mc_w.l(localtime_i.o)
    0x0800832c   0x00000024   Code   RO         1006    .text               mc_w.l(init.o)
    0x08008350   0x00000010   Code   RO          712    i.__0printf$bare    mc_w.l(printfb.o)
    0x08008360   0x0000000e   Code   RO         1018    i.__scatterload_copy  mc_w.l(handlers.o)
    0x0800836e   0x00000002   Code   RO         1019    i.__scatterload_null  mc_w.l(handlers.o)
    0x08008370   0x0000000e   Code   RO         1020    i.__scatterload_zeroinit  mc_w.l(handlers.o)
    0x0800837e   0x00000022   Code   RO          719    i._printf_core      mc_w.l(printfb.o)
    0x080083a0   0x00000210   Data   RO            3    .constdata          main.o
    0x080085b0   0x00000294   Data   RO          256    .constdata          switch.o
    0x08008844   0x0000000a   Data   RO          272    .constdata          led_7segs.o
    0x0800884e   0x00000002   PAD
    0x08008850   0x0000006c   Data   RO          368    .constdata          hal_com.o
    0x080088bc   0x00000198   Data   RO          382    .constdata          hal_dio.o
    0x08008a54   0x0000000c   Data   RO          707    .constdata          mc_w.l(mktime.o)
    0x08008a60   0x0000000c   Data   RO          993    .constdata          mc_w.l(localtime_i.o)
    0x08008a6c   0x00000020   Data   RO         1016    Region$$Table       anon$$obj.o


    Execution Region RW_IRAM1 (Base: 0x20000000, Size: 0x000013c0, Max: 0x00005000, ABSOLUTE)

    Base Addr    Size         Type   Attr      Idx    E Section Name        Object

    0x20000000   0x00000078   Data   RW            4    .data               main.o
    0x20000078   0x00000028   Data   RW          168    .data               log.o
    0x200000a0   0x00000004   Data   RW          196    .data               timer.o
    0x200000a4   0x00000002   Data   RW          234    .data               rtc.o
    0x200000a6   0x00000002   PAD
    0x200000a8   0x00000010   Data   RW          257    .data               switch.o
    0x200000b8   0x00000014   Data   RW          588    .data               stm32f10x_rcc.o
    0x200000cc   0x00000014   Data   RW          674    .data               system_stm32f10x.o
    0x200000e0   0x0000021a   Zero   RW            2    .bss                main.o
    0x200002fa   0x00000064   Zero   RW          167    .bss                log.o
    0x2000035e   0x0000000c   Zero   RW          233    .bss                rtc.o
    0x2000036a   0x00000002   PAD
    0x2000036c   0x00000014   Zero   RW          255    .bss                switch.o
    0x20000380   0x00000014   Zero   RW          367    .bss                hal_com.o
    0x20000394   0x0000002c   Zero   RW          990    .bss                mc_w.l(localtime_w.o)
    0x200003c0   0x00001000   Zero   RW          691    STACK               startup_stm32f10x_md.o



  Load Region LR_IROM2 (Base: 0x08010400, Size: 0x00000000, Max: 0x00000400, ABSOLUTE)

    Execution Region ER_IROM2 (Base: 0x08010400, Size: 0x00000000, Max: 0x00000400, ABSOLUTE)

    **** No section assigned to this execution region ****


==============================================================================

Image component sizes


      Code (inc. data)   RO Data    RW Data    ZI Data      Debug   Object Name

       768         12        108          0         20       3559   hal_com.o
       492          4        408          0          0       2200   hal_dio.o
       340         14         10          0          0       2658   led_7segs.o
       472         42          0         40        100       5415   log.o
      1580        200        528        120        538     271101   main.o
       472         60          0          0          0       1929   misc.o
       812         22          0          2         12       4917   rtc.o
        36          8        236          0       4096        848   startup_stm32f10x_md.o
       708         54          0          0          0       3852   stm32f10x_bkp.o
       724         54          0          0          0       2551   stm32f10x_exti.o
      1920         80          0          0          0       8274   stm32f10x_flash.o
      2672        194          0          0          0       6973   stm32f10x_gpio.o
       436         56          0          0          0       2099   stm32f10x_pwr.o
      2100         96          0         20          0       9884   stm32f10x_rcc.o
       544         48          0          0          0       2862   stm32f10x_rtc.o
     14192        826          0          0          0      29640   stm32f10x_tim.o
      3504        130          0          0          0      10068   stm32f10x_usart.o
       500         24        660         16         20       3884   switch.o
       480         38          0         20          0       1811   system_stm32f10x.o
       244         20          0          4          0      17091   timer.o

    ----------------------------------------------------------------------
     32996       1982       1984        224       4788     391616   Object Totals
         0          0         32          0          0          0   (incl. Generated)
         0          0          2          2          2          0   (incl. Padding)

    ----------------------------------------------------------------------

      Code (inc. data)   RO Data    RW Data    ZI Data      Debug   Library Member Name

         0          0          0          0          0          0   entry.o
         0          0          0          0          0          0   entry10a.o
         0          0          0          0          0          0   entry11a.o
         8          4          0          0          0          0   entry2.o
         4          0          0          0          0          0   entry5.o
         0          0          0          0          0          0   entry7b.o
         0          0          0          0          0          0   entry8b.o
         8          4          0          0          0          0   entry9a.o
        30          0          0          0          0          0   handlers.o
        36          8          0          0          0         68   init.o
       128          6         12          0          0         80   localtime_i.o
        12          6          0          0         44         68   localtime_w.o
       160         18         12          0          0         80   mktime.o
        50          8          0          0          0        152   printfb.o
        28          0          0          0          0         76   strcmp.o

    ----------------------------------------------------------------------
       464         54         24          0         44        524   Library Totals
         0          0          0          0          0          0   (incl. Padding)

    ----------------------------------------------------------------------

      Code (inc. data)   RO Data    RW Data    ZI Data      Debug   Library Name

       464         54         24          0         44        524   mc_w.l

    ----------------------------------------------------------------------
       464         54         24          0         44        524   Library Totals

    ----------------------------------------------------------------------

==============================================================================


      Code (inc. data)   RO Data    RW Data    ZI Data      Debug   

     33460       2036       2008        224       4832     390316   Grand Totals
     33460       2036       2008        224       4832     390316   ELF Image Totals
     33460       2036       2008        224          0          0   ROM Totals

==============================================================================

    Total RO  Size (Code + RO Data)                35468 (  34.64kB)
    Total RW  Size (RW Data + ZI Data)              5056 (   4.94kB)
    Total ROM Size (Code + RO Data + RW Data)      35692 (  34.86kB)

==============================================================================

