<html>
<body>
<pre>
<h1>µVision Build Log</h1>
<h2>Project:</h2>
H:\Repository\Aug\counter\MDK-ARM\project.uvproj
Project File Date:  08/31/2015

<h2>Output:</h2>
Build target 'STM32F103C8T6'
compiling main.c...
compiling switch.c...
linking...
Program Size: Code=33460 RO-data=2008 RW-data=224 ZI-data=4832  
FromELF: creating hex file...
".\obj\project.axf" - 0 Error(s), 0 Warning(s).
Load "H:\\Repository\\Aug\\counter\\MDK-ARM\\obj\\project.axf" 
Full Chip Erase Done.
Programming Done.
Verify OK.
Application running ...

  }
..\driver\rtc.c: 1 warning, 0 errors
compiling switch.c...
..\driver\switch.c(129): error:  #20: identifier "EXTI5_IRQn" is undefined
        CREATE_SWITCH(D,5,EXTI5_IRQn),
..\driver\switch.c: 0 warnings, 1 error
compiling led_7segs.c...
compiling fattime.c...
compiling ff.c...
..\libs\fatfs\ff.c(1127): warning:  #111-D: statement is unreachable
                        w = (w << 8) + b;
..\libs\fatfs\ff.c: 1 warning, 0 errors
compiling sd_spi_stm32.c...
compiling ccsbcs.c...
compiling hal_com.c...
compiling hal_dio.c...
compiling misc.c...
compiling stm32f10x_adc.c...
compiling stm32f10x_bkp.c...
compiling stm32f10x_can.c...
compiling stm32f10x_cec.c...
compiling stm32f10x_crc.c...
compiling stm32f10x_dac.c...
compiling stm32f10x_dbgmcu.c...
compiling stm32f10x_dma.c...
compiling stm32f10x_exti.c...
compiling stm32f10x_flash.c...
compiling stm32f10x_fsmc.c...
compiling stm32f10x_gpio.c...
compiling stm32f10x_i2c.c...
compiling stm32f10x_iwdg.c...
compiling stm32f10x_pwr.c...
compiling stm32f10x_rcc.c...
compiling stm32f10x_rtc.c...
compiling stm32f10x_sdio.c...
compiling stm32f10x_spi.c...
compiling stm32f10x_tim.c...
compiling stm32f10x_usart.c...
compiling stm32f10x_wwdg.c...
compiling system_stm32f10x.c...
assembling startup_stm32f10x_md.s...
".\obj\project.axf" - 2 Error(s), 2 Warning(s).
Target not created
