<html>
<body>
<pre>
<h1>µVision Build Log</h1>
<h2>Project:</h2>
D:\GITHUB\counter\MDK-ARM\project.uvproj
Project File Date:  09/03/2015

<h2>Output:</h2>
Build target 'STM32F103C8T6'
compiling main.c...
compiling log.c...
compiling timer.c...
compiling counter.c...
compiling rtc.c...
..\driver\rtc.c(385): warning:  #1-D: last line of file ends without a newline
  }
..\driver\rtc.c: 1 warning, 0 errors
compiling switch.c...
compiling led_7segs.c...
compiling fattime.c...
compiling ff.c...
..\libs\fatfs\ff.c(1127): warning:  #111-D: statement is unreachable
                        w = (w << 8) + b;
..\libs\fatfs\ff.c: 1 warning, 0 errors
compiling sd_spi_stm32.c...
compiling ccsbcs.c...
compiling hal_com.c...
compiling hal_dio.c...
compiling misc.c...
compiling stm32f10x_adc.c...
compiling stm32f10x_bkp.c...
compiling stm32f10x_can.c...
compiling stm32f10x_cec.c...
compiling stm32f10x_crc.c...
compiling stm32f10x_dac.c...
compiling stm32f10x_dbgmcu.c...
compiling stm32f10x_dma.c...
compiling stm32f10x_exti.c...
compiling stm32f10x_flash.c...
compiling stm32f10x_fsmc.c...
compiling stm32f10x_gpio.c...
compiling stm32f10x_i2c.c...
compiling stm32f10x_iwdg.c...
compiling stm32f10x_pwr.c...
compiling stm32f10x_rcc.c...
compiling stm32f10x_rtc.c...
compiling stm32f10x_sdio.c...
compiling stm32f10x_spi.c...
compiling stm32f10x_tim.c...
compiling stm32f10x_usart.c...
compiling stm32f10x_wwdg.c...
compiling system_stm32f10x.c...
linking...
Program Size: Code=33772 RO-data=2044 RW-data=232 ZI-data=4848  
FromELF: creating hex file...
".\obj\project.axf" - 0 Error(s), 2 Warning(s).
Load "D:\\GITHUB\\counter\\MDK-ARM\\obj\\project.axf" 
Erase Done.
Programming Done.
Verify OK.
Application running ...
</pre>
</body>
</html>
